2026-01-14 17:19:01.016  1599-1761  SatelliteAppTracker     com.android.phone                    E  packageName: com.vagabondbible.app, value: null
2026-01-14 17:19:01.318  1599-1761  SatelliteAppTracker     com.android.phone                    E  packageName: com.vagabondbible.app, value: null
2026-01-14 17:19:03.370  6326-6400  Finsky                  com.android.vending                  E  [69] ItemStore: getItems RPC failed for item com.vagabondbible.app
2026-01-14 17:19:03.373  6326-6398  Finsky                  com.android.vending                  E  [67] ItemStore: getItems RPC failed for item com.vagabondbible.app
2026-01-14 17:46:54.682   799-967   InputDispatcher         system_server                        E  channel '3ef3905 com.vagabondbible.app/com.vagabondbible.app.MainActivity' ~ Channel is unrecoverably broken and will be disposed!
2026-01-14 20:15:47.089  1599-1761  SatelliteAppTracker     com.android.phone                    E  packageName: com.vagabondbible.app, value: null
2026-01-14 20:15:47.093  1599-1761  SatelliteAppTracker     com.android.phone                    E  packageName: com.vagabondbible.app, value: null
2026-01-14 20:15:48.781 10836-10836 Zygote                  com.vagabondbible.app                I  Process 10836 created for com.vagabondbible.app
2026-01-14 20:15:48.781 10836-10836 gabondbible.app         com.vagabondbible.app                I  Late-enabling -Xcheck:jni
2026-01-14 20:15:48.919 10836-10836 gabondbible.app         com.vagabondbible.app                I  Using CollectorTypeCMC GC.
2026-01-14 20:15:48.919 10836-10836 gabondbible.app         com.vagabondbible.app                W  Unexpected CPU variant for x86: x86_64.
                                                                                                    Known variants: atom, sandybridge, silvermont, goldmont, goldmont-plus, goldmont-without-sha-xsaves, tremont, kabylake, alderlake, default
2026-01-14 20:15:49.013  6326-6385  Finsky                  com.android.vending                  E  [59] ItemStore: getItems RPC failed for item com.vagabondbible.app
2026-01-14 20:15:49.025 10836-10836 nativeloader            com.vagabondbible.app                D  Load libframework-connectivity-tiramisu-jni.so using APEX ns com_android_tethering for caller /apex/com.android.tethering/javalib/framework-connectivity-t.jar: ok
2026-01-14 20:15:49.066  6326-6398  Finsky                  com.android.vending                  E  [67] ItemStore: getItems RPC failed for item com.vagabondbible.app
2026-01-14 20:15:49.417 10836-10836 nativeloader            com.vagabondbible.app                D  Configuring clns-9 for other apk /data/app/~~3vpJvvvwh0kf3QbFIEihGw==/com.vagabondbible.app-DZGu3Z2cPx1i6cOgmqZ3uA==/base.apk. target_sdk_version=36, uses_libraries=, library_path=/data/app/~~3vpJvvvwh0kf3QbFIEihGw==/com.vagabondbible.app-DZGu3Z2cPx1i6cOgmqZ3uA==/lib/x86_64, permitted_path=/data:/mnt/expand:/data/user/0/com.vagabondbible.app
2026-01-14 20:15:49.435 10836-10836 GraphicsEnvironment     com.vagabondbible.app                V  Currently set values for:
2026-01-14 20:15:49.435 10836-10836 GraphicsEnvironment     com.vagabondbible.app                V    angle_gl_driver_selection_pkgs=[]
2026-01-14 20:15:49.435 10836-10836 GraphicsEnvironment     com.vagabondbible.app                V    angle_gl_driver_selection_values=[]
2026-01-14 20:15:49.435 10836-10836 GraphicsEnvironment     com.vagabondbible.app                V  com.vagabondbible.app is not listed in per-application setting
2026-01-14 20:15:49.435 10836-10836 GraphicsEnvironment     com.vagabondbible.app                V  ANGLE allowlist from config: com.dreamgames.royalmatch com.dts.freefiremax com.dxx.firenow com.gramgames.mergedragons com.ludo.king com.mojang.minecraftpe com.my.defense com.nintendo.zaka com.os.airforce com.playrix.fishdomdd.gplay io.teslatech.callbreak jp.konami.prospia net.peakgames.toonblast
2026-01-14 20:15:49.435 10836-10836 GraphicsEnvironment     com.vagabondbible.app                V  No special selections for ANGLE, returning default driver choice
2026-01-14 20:15:49.435 10836-10836 GraphicsEnvironment     com.vagabondbible.app                V  Neither updatable production driver nor prerelease driver is supported.
2026-01-14 20:15:49.467 10836-10836 FirebaseApp             com.vagabondbible.app                W  Default FirebaseApp failed to initialize because no default options were found. This usually means that com.google.gms:google-services was not applied to your gradle project.
2026-01-14 20:15:49.467 10836-10836 FirebaseInitProvider    com.vagabondbible.app                I  FirebaseApp initialization unsuccessful
2026-01-14 20:15:49.569 10836-10854 DisplayManager          com.vagabondbible.app                I  Choreographer implicitly registered for the refresh rate.
2026-01-14 20:15:49.665 10836-10854 GFXSTREAM               com.vagabondbible.app                I  [eglDisplay.cpp(297)] Opening libGLESv1_CM_emulation.so
2026-01-14 20:15:49.665 10836-10854 GFXSTREAM               com.vagabondbible.app                I  [eglDisplay.cpp(297)] Opening libGLESv2_emulation.so
2026-01-14 20:15:49.682 10836-10854 HWUI                    com.vagabondbible.app                W  Failed to choose config with EGL_SWAP_BEHAVIOR_PRESERVED, retrying without...
2026-01-14 20:15:49.683 10836-10854 HWUI                    com.vagabondbible.app                W  Failed to initialize 101010-2 format, error = EGL_SUCCESS
2026-01-14 20:15:49.721 10836-10836 DesktopExperienceFlags  com.vagabondbible.app                D  Toggle override initialized to: false
2026-01-14 20:15:49.797 10836-10836 AppCompatDelegate       com.vagabondbible.app                D  Checking for metadata for AppLocalesMetadataHolderService : Service not found
2026-01-14 20:15:49.811 10836-10836 ashmem                  com.vagabondbible.app                E  Pinning is deprecated since Android Q. Please use trim or other methods.
2026-01-14 20:15:49.917 10836-10836 CompatChangeReporter    com.vagabondbible.app                D  Compat change id reported: 377864165; UID 10227; state: ENABLED
2026-01-14 20:15:49.917 10836-10836 DesktopModeFlags        com.vagabondbible.app                D  Toggle override initialized to: OVERRIDE_UNSET
2026-01-14 20:15:49.958 10836-10836 gabondbible.app         com.vagabondbible.app                I  hiddenapi: Accessing hidden method Landroid/view/ViewGroup;->makeOptionalFitsSystemWindows()V (runtime_flags=0, domain=platform, api=unsupported) from Landroidx/appcompat/widget/ViewUtils; (domain=app, TargetSdkVersion=36) using reflection: allowed
2026-01-14 20:15:49.986 10836-10836 WebViewFactory          com.vagabondbible.app                I  Loading com.google.android.webview version 134.0.6998.135 (code 699813538)
2026-01-14 20:15:49.994 10836-10836 ResourcesManager        com.vagabondbible.app                V  The following library key has been added: ResourcesKey{ mHash=2cbb283c mResDir=null mSplitDirs=[] mOverlayDirs=[] mLibDirs=[/data/app/~~6EJzGYVatxK3xSNB5u971Q==/com.google.android.webview-hjE327QGdTozBoHS50jjnA==/WebViewGoogle.apk,/data/app/~~M_hDiRO6IlkVWj2ppJ80Iw==/com.google.android.trichromelibrary_699813538-mkSv8huRZOJGYaNCBaPSDQ==/TrichromeLibrary.apk,/system_ext/framework/androidx.window.extensions.jar] mDisplayId=0 mOverrideConfig=v36 mCompatInfo={420dpi always-compat} mLoaders=[]}
2026-01-14 20:15:49.999 10836-10836 gabondbible.app         com.vagabondbible.app                W  Failed to find entry 'classes.dex': Entry not found
2026-01-14 20:15:50.001 10836-10836 nativeloader            com.vagabondbible.app                D  Configuring clns-10 for other apk /data/app/~~M_hDiRO6IlkVWj2ppJ80Iw==/com.google.android.trichromelibrary_699813538-mkSv8huRZOJGYaNCBaPSDQ==/TrichromeLibrary.apk. target_sdk_version=35, uses_libraries=ALL, library_path=/data/app/~~6EJzGYVatxK3xSNB5u971Q==/com.google.android.webview-hjE327QGdTozBoHS50jjnA==/lib/x86_64:/data/app/~~6EJzGYVatxK3xSNB5u971Q==/com.google.android.webview-hjE327QGdTozBoHS50jjnA==/WebViewGoogle.apk!/lib/x86_64:/data/app/~~M_hDiRO6IlkVWj2ppJ80Iw==/com.google.android.trichromelibrary_699813538-mkSv8huRZOJGYaNCBaPSDQ==/TrichromeLibrary.apk!/lib/x86_64, permitted_path=/data:/mnt/expand
2026-01-14 20:15:50.005 10836-10836 ApplicationLoaders      com.vagabondbible.app                D  Returning zygote-cached class loader: /system_ext/framework/androidx.window.extensions.jar
2026-01-14 20:15:50.014 10836-10836 nativeloader            com.vagabondbible.app                D  Configuring clns-11 for other apk /data/app/~~6EJzGYVatxK3xSNB5u971Q==/com.google.android.webview-hjE327QGdTozBoHS50jjnA==/WebViewGoogle.apk. target_sdk_version=35, uses_libraries=, library_path=/data/app/~~6EJzGYVatxK3xSNB5u971Q==/com.google.android.webview-hjE327QGdTozBoHS50jjnA==/lib/x86_64:/data/app/~~6EJzGYVatxK3xSNB5u971Q==/com.google.android.webview-hjE327QGdTozBoHS50jjnA==/WebViewGoogle.apk!/lib/x86_64:/data/app/~~M_hDiRO6IlkVWj2ppJ80Iw==/com.google.android.trichromelibrary_699813538-mkSv8huRZOJGYaNCBaPSDQ==/TrichromeLibrary.apk!/lib/x86_64, permitted_path=/data:/mnt/expand
2026-01-14 20:15:50.129 10836-10836 cr_WVCFactoryProvider   com.vagabondbible.app                I  version=134.0.6998.135 (699813538) minSdkVersion=29 isBundle=false multiprocess=true packageId=2
2026-01-14 20:15:50.155 10836-10836 nativeloader            com.vagabondbible.app                D  Load /data/app/~~M_hDiRO6IlkVWj2ppJ80Iw==/com.google.android.trichromelibrary_699813538-mkSv8huRZOJGYaNCBaPSDQ==/TrichromeLibrary.apk!/lib/x86_64/libmonochrome_64.so using class loader ns clns-11 (caller=/data/app/~~6EJzGYVatxK3xSNB5u971Q==/com.google.android.webview-hjE327QGdTozBoHS50jjnA==/WebViewGoogle.apk): ok
2026-01-14 20:15:50.167 10836-10836 nativeloader            com.vagabondbible.app                D  Load /system/lib64/libwebviewchromium_plat_support.so using class loader ns clns-11 (caller=/data/app/~~6EJzGYVatxK3xSNB5u971Q==/com.google.android.webview-hjE327QGdTozBoHS50jjnA==/WebViewGoogle.apk): ok
2026-01-14 20:15:50.201 10836-10860 chromium                com.vagabondbible.app                E  [0114/201550.193743:ERROR:variations_seed_loader.cc(39)] Seed missing signature.
2026-01-14 20:15:50.213 10836-10860 chromium                com.vagabondbible.app                I  [INFO:variations_seed_loader.cc(67)] Failed to open file for reading.: No such file or directory (2)
2026-01-14 20:15:50.225 10836-10836 cr_LibraryLoader        com.vagabondbible.app                I  Successfully loaded native library
2026-01-14 20:15:50.233 10836-10836 cr_CachingUmaRecorder   com.vagabondbible.app                I  Flushed 6 samples from 6 histograms, 0 samples were dropped.
2026-01-14 20:15:50.245 10836-10836 cr_CombinedPProvider    com.vagabondbible.app                I  #registerProvider() provider:WV.I8@96204f2 isPolicyCacheEnabled:false policyProvidersSize:0
2026-01-14 20:15:50.255 10836-10836 cr_PolicyProvider       com.vagabondbible.app                I  #setManagerAndSource() 0
2026-01-14 20:15:50.374 10836-10836 cr_CombinedPProvider    com.vagabondbible.app                I  #linkNativeInternal() 1
2026-01-14 20:15:50.378 10836-10836 cr_AppResProvider       com.vagabondbible.app                I  #getApplicationRestrictionsFromUserManager() Bundle[EMPTY_PARCEL]
2026-01-14 20:15:50.378 10836-10836 cr_PolicyProvider       com.vagabondbible.app                I  #notifySettingsAvailable() 0
2026-01-14 20:15:50.379 10836-10836 cr_CombinedPProvider    com.vagabondbible.app                I  #onSettingsAvailable() 0
2026-01-14 20:15:50.379 10836-10836 cr_CombinedPProvider    com.vagabondbible.app                I  #flushPolicies()
2026-01-14 20:15:50.799 10836-10836 Capacitor               com.vagabondbible.app                D  Starting BridgeActivity
2026-01-14 20:15:50.859 10836-10836 Capacitor               com.vagabondbible.app                D  Registering plugin instance: CapacitorCookies
2026-01-14 20:15:50.867 10836-10836 Capacitor               com.vagabondbible.app                D  Registering plugin instance: WebView
2026-01-14 20:15:50.870 10836-10836 Capacitor               com.vagabondbible.app                D  Registering plugin instance: CapacitorHttp
2026-01-14 20:15:50.873 10836-10836 Capacitor               com.vagabondbible.app                D  Registering plugin instance: SystemBars
2026-01-14 20:15:50.878 10836-10836 Capacitor               com.vagabondbible.app                D  Registering plugin instance: FirebaseAuthentication
2026-01-14 20:15:50.973 10836-10836 Capacitor               com.vagabondbible.app                E  NativePlugin io.capawesome.capacitorjs.plugins.firebase.authentication.FirebaseAuthenticationPlugin failed to load
                                                                                                    com.getcapacitor.PluginLoadException: Unable to load plugin instance. Ensure plugin is publicly accessible
                                                                                                    	at com.getcapacitor.PluginHandle.load(PluginHandle.java:107)
                                                                                                    	at com.getcapacitor.PluginHandle.<init>(PluginHandle.java:65)
                                                                                                    	at com.getcapacitor.Bridge.registerPlugin(Bridge.java:705)
                                                                                                    	at com.getcapacitor.Bridge.registerAllPlugins(Bridge.java:661)
                                                                                                    	at com.getcapacitor.Bridge.<init>(Bridge.java:231)
                                                                                                    	at com.getcapacitor.Bridge.<init>(Unknown Source:0)
                                                                                                    	at com.getcapacitor.Bridge$Builder.create(Bridge.java:1599)
                                                                                                    	at com.getcapacitor.BridgeActivity.load(BridgeActivity.java:48)
                                                                                                    	at com.getcapacitor.BridgeActivity.onCreate(BridgeActivity.java:42)
                                                                                                    	at android.app.Activity.performCreate(Activity.java:9306)
                                                                                                    	at android.app.Activity.performCreate(Activity.java:9284)
                                                                                                    	at android.app.Instrumentation.callActivityOnCreate(Instrumentation.java:1541)
                                                                                                    	at android.app.ActivityThread.performLaunchActivity(ActivityThread.java:4480)
                                                                                                    	at android.app.ActivityThread.handleLaunchActivity(ActivityThread.java:4699)
                                                                                                    	at android.app.servertransaction.LaunchActivityItem.execute(LaunchActivityItem.java:224)
                                                                                                    	at android.app.servertransaction.TransactionExecutor.executeNonLifecycleItem(TransactionExecutor.java:133)
                                                                                                    	at android.app.servertransaction.TransactionExecutor.executeTransactionItems(TransactionExecutor.java:103)
                                                                                                    	at android.app.servertransaction.TransactionExecutor.execute(TransactionExecutor.java:80)
                                                                                                    	at android.app.ActivityThread$H.handleMessage(ActivityThread.java:2961)
                                                                                                    	at android.os.Handler.dispatchMessage(Handler.java:132)
                                                                                                    	at android.os.Looper.dispatchMessage(Looper.java:333)
                                                                                                    	at android.os.Looper.loopOnce(Looper.java:263)
                                                                                                    	at android.os.Looper.loop(Looper.java:367)
                                                                                                    	at android.app.ActivityThread.main(ActivityThread.java:9287)
                                                                                                    	at java.lang.reflect.Method.invoke(Native Method)
                                                                                                    	at com.android.internal.os.RuntimeInit$MethodAndArgsCaller.run(RuntimeInit.java:566)
                                                                                                    	at com.android.internal.os.ZygoteInit.main(ZygoteInit.java:929)
2026-01-14 20:15:50.973 10836-10836 Capacitor               com.vagabondbible.app                D  Registering plugin instance: App
2026-01-14 20:15:50.975 10836-10836 Capacitor               com.vagabondbible.app                D  Registering plugin instance: Browser
2026-01-14 20:15:50.979 10836-10836 Capacitor               com.vagabondbible.app                D  Registering plugin instance: SplashScreen
2026-01-14 20:15:50.989 10836-10836 Capacitor               com.vagabondbible.app                D  Registering plugin instance: StatusBar
2026-01-14 20:15:51.003 10836-10836 Capacitor/...sBarPlugin com.vagabondbible.app                V  Notifying listeners for event statusBarOverlayChanged
2026-01-14 20:15:51.003 10836-10836 Capacitor/...sBarPlugin com.vagabondbible.app                D  No listeners found for event statusBarOverlayChanged
2026-01-14 20:15:51.005 10836-10836 Capacitor/...sBarPlugin com.vagabondbible.app                V  Notifying listeners for event statusBarOverlayChanged
2026-01-14 20:15:51.005 10836-10836 Capacitor/...sBarPlugin com.vagabondbible.app                D  No listeners found for event statusBarOverlayChanged
2026-01-14 20:15:51.005 10836-10836 Capacitor               com.vagabondbible.app                D  Registering plugin instance: Purchases
2026-01-14 20:15:51.026 10836-10836 Capacitor               com.vagabondbible.app                W  Unable to read file at path public/plugins
2026-01-14 20:15:51.037 10836-10836 Capacitor               com.vagabondbible.app                D  Loading app at https://localhost
2026-01-14 20:15:51.079 10836-10884 cr_media                com.vagabondbible.app                W  BLUETOOTH_CONNECT permission is missing.
2026-01-14 20:15:51.081 10836-10884 cr_media                com.vagabondbible.app                W  getBluetoothAdapter() requires BLUETOOTH permission
2026-01-14 20:15:51.081 10836-10884 cr_media                com.vagabondbible.app                W  registerBluetoothIntentsIfNeeded: Requires BLUETOOTH permission
2026-01-14 20:15:51.129 10836-10902 libc                    com.vagabondbible.app                W  Access denied finding property "vendor.mesa.log"
2026-01-14 20:15:51.130 10836-10902 libc                    com.vagabondbible.app                W  Access denied finding property "vendor.mesa.log.file"
2026-01-14 20:15:51.130 10836-10902 MESA                    com.vagabondbible.app                E  Failed to open rendernode: No such file or directory
2026-01-14 20:15:51.130 10836-10902 MESA                    com.vagabondbible.app                E  Failed to open rendernode: No such file or directory
2026-01-14 20:15:51.145 10836-10902 MESA                    com.vagabondbible.app                E  Failed to open rendernode: No such file or directory
2026-01-14 20:15:51.146 10836-10902 MESA                    com.vagabondbible.app                E  Failed to open rendernode: No such file or directory
2026-01-14 20:15:51.147 10836-10902 MESA                    com.vagabondbible.app                E  Failed to open rendernode: No such file or directory
2026-01-14 20:15:51.147 10836-10902 MESA                    com.vagabondbible.app                E  Failed to open rendernode: No such file or directory
2026-01-14 20:15:51.148 10836-10902 MESA                    com.vagabondbible.app                E  Failed to open rendernode: No such file or directory
2026-01-14 20:15:51.148 10836-10902 MESA                    com.vagabondbible.app                E  Failed to open rendernode: No such file or directory
2026-01-14 20:15:51.150 10836-10902 libc                    com.vagabondbible.app                W  Access denied finding property "vendor.mesa.vk.trace.per.submit"
2026-01-14 20:15:51.152 10836-10902 libc                    com.vagabondbible.app                W  Access denied finding property "vendor.mesa.gallium.print.optio"
2026-01-14 20:15:51.152 10836-10902 libc                    com.vagabondbible.app                W  Access denied finding property "vendor.mesa.vk.trace.frame"
2026-01-14 20:15:51.165 10836-10902 MESA                    com.vagabondbible.app                E  Failed to open rendernode: No such file or directory
2026-01-14 20:15:51.167 10836-10902 libc                    com.vagabondbible.app                W  Access denied finding property "vendor.mesa.vk.wsi.headless.swa"
2026-01-14 20:15:51.167 10836-10902 MESA                    com.vagabondbible.app                E  Failed to open rendernode: No such file or directory
2026-01-14 20:15:51.167 10836-10902 MESA                    com.vagabondbible.app                E  Failed to open rendernode: No such file or directory
2026-01-14 20:15:51.172 10836-10836 Capacitor               com.vagabondbible.app                D  App started
2026-01-14 20:15:51.176 10836-10836 Capacitor/AppPlugin     com.vagabondbible.app                D  Firing change: true
2026-01-14 20:15:51.177 10836-10836 Capacitor/AppPlugin     com.vagabondbible.app                V  Notifying listeners for event appStateChange
2026-01-14 20:15:51.177 10836-10836 Capacitor/AppPlugin     com.vagabondbible.app                D  No listeners found for event appStateChange
2026-01-14 20:15:51.190 10836-10836 Capacitor/BrowserPlugin com.vagabondbible.app                V  Notifying listeners for event browserFinished
2026-01-14 20:15:51.190 10836-10836 Capacitor/BrowserPlugin com.vagabondbible.app                D  No listeners found for event browserFinished
2026-01-14 20:15:51.190 10836-10836 Capacitor               com.vagabondbible.app                D  App resumed
2026-01-14 20:15:51.226 10836-10836 HWUI                    com.vagabondbible.app                W  Unknown dataspace 0
2026-01-14 20:15:51.251 10836-10902 chromium                com.vagabondbible.app                W  [WARNING:viz_main_impl.cc(85)] VizNullHypothesis is disabled (not a warning)
2026-01-14 20:15:51.279 10836-10879 Capacitor               com.vagabondbible.app                D  Handling local request: https://localhost/
2026-01-14 20:15:51.332 10836-10920 CameraManagerGlobal     com.vagabondbible.app                I  Connecting to camera service
2026-01-14 20:15:51.380 10836-10836 WindowOnBackDispatcher  com.vagabondbible.app                D  setTopOnBackInvokedCallback (unwrapped): android.app.Activity$$ExternalSyntheticLambda0@39b3450
2026-01-14 20:15:51.382 10836-10836 WindowOnBackDispatcher  com.vagabondbible.app                D  setTopOnBackInvokedCallback (unwrapped): androidx.activity.OnBackPressedDispatcher$Api34Impl$createOnBackAnimationCallback$1@8e5d649
2026-01-14 20:15:51.385 10836-10836 VRI[MainActivity]       com.vagabondbible.app                D  WindowInsets changed: 1080x2400 statusBars:[0,63,0,0] navigationBars:[0,0,0,63] mandatorySystemGestures:[0,63,0,84] 
2026-01-14 20:15:51.479 10836-10880 Capacitor               com.vagabondbible.app                D  Handling local request: https://localhost/assets/index-BL7bI6xN.js
2026-01-14 20:15:51.480 10836-10878 Capacitor               com.vagabondbible.app                D  Handling local request: https://localhost/assets/index-C0krcrs5.css
2026-01-14 20:15:51.753 10836-10836 InsetsController        com.vagabondbible.app                D  hide(ime())
2026-01-14 20:15:51.754 10836-10836 ImeTracker              com.vagabondbible.app                I  com.vagabondbible.app:b3ac7cc7: onCancelled at PHASE_CLIENT_ALREADY_HIDDEN
2026-01-14 20:15:51.773 10836-10937 HWUI                    com.vagabondbible.app                I  Using FreeType backend (prop=Auto)
2026-01-14 20:15:51.979 10836-10836 Capacitor/Console       com.vagabondbible.app                I  File: https://localhost/assets/index-BL7bI6xN.js - Line 1922 - Msg: [Firebase Config] Native platform detected
2026-01-14 20:15:51.980 10836-10836 Capacitor/Console       com.vagabondbible.app                I  File: https://localhost/assets/index-BL7bI6xN.js - Line 1922 - Msg: [Firebase Config] API Key present: true
2026-01-14 20:15:51.981 10836-10836 Capacitor/Console       com.vagabondbible.app                I  File: https://localhost/assets/index-BL7bI6xN.js - Line 1922 - Msg: [Firebase Config] Project ID: travelingchurch-1b4ab
2026-01-14 20:15:51.982 10836-10836 Capacitor/Console       com.vagabondbible.app                I  File: https://localhost/assets/index-BL7bI6xN.js - Line 1922 - Msg: [Firebase Config] App ID present: true
2026-01-14 20:15:51.982 10836-10836 Capacitor/Console       com.vagabondbible.app                I  File: https://localhost/assets/index-BL7bI6xN.js - Line 1922 - Msg: [Firebase] App initialized successfully
2026-01-14 20:15:51.982 10836-10836 Capacitor/Console       com.vagabondbible.app                I  File: https://localhost/assets/index-BL7bI6xN.js - Line 1922 - Msg: [Firebase] Using getAuth for native platform
2026-01-14 20:15:52.013 10836-10841 gabondbible.app         com.vagabondbible.app                I  Compiler allocated 5087KB to compile void android.view.ViewRootImpl.performTraversals()
2026-01-14 20:15:52.091 10836-10878 Capacitor               com.vagabondbible.app                D  Handling local request: https://localhost/assets/Pastor_Brett_Chat_Icon_1767476985840-ChGfprkT.png
2026-01-14 20:15:52.128 10836-10836 Capacitor/Console       com.vagabondbible.app                I  File: https://localhost/assets/index-BL7bI6xN.js - Line 2343 - Msg: [useIntroAnimation] Initial state, isNativePlatform: true
2026-01-14 20:15:52.128 10836-10836 Capacitor/Console       com.vagabondbible.app                I  File: https://localhost/assets/index-BL7bI6xN.js - Line 2343 - Msg: [IntroAnimation] Mounted, isNative: true video src: /assets/splash-intro-DqaDiT6c.mp4
2026-01-14 20:15:52.164 10836-10836 Capacitor/Console       com.vagabondbible.app                I  File: https://localhost/assets/index-BL7bI6xN.js - Line 2343 - Msg: [IntroAnimation] Hiding native splash screen
2026-01-14 20:15:52.172 10836-10880 Capacitor               com.vagabondbible.app                D  Handling local request: https://localhost/assets/Bigger_White_Logo_1767824644015-yoZIbkGk.png
2026-01-14 20:15:52.175 10836-10881 Capacitor               com.vagabondbible.app                D  Handling local request: https://localhost/assets/index-D6LLfwGj.js
2026-01-14 20:15:52.182 10836-10881 Capacitor               com.vagabondbible.app                D  Handling local request: https://localhost/assets/index-D-hlOVqw.js
2026-01-14 20:15:52.182 10836-10836 Capacitor/Console       com.vagabondbible.app                I  File:  - Line 349 - Msg: [object Object]
2026-01-14 20:15:52.201 10836-10836 Capacitor/Plugin        com.vagabondbible.app                V  To native (Capacitor plugin): callbackId: 108106695, pluginId: SplashScreen, methodName: hide
2026-01-14 20:15:52.202 10836-10836 Capacitor               com.vagabondbible.app                V  callback: 108106695, pluginId: SplashScreen, methodName: hide, methodData: {"fadeOutDuration":200}
2026-01-14 20:15:52.290 10836-10878 Capacitor               com.vagabondbible.app                D  Handling local request: https://localhost/assets/splash-intro-DqaDiT6c.mp4
2026-01-14 20:15:52.291 10836-10879 Capacitor               com.vagabondbible.app                D  Handling local request: https://localhost/assets/text-to-video-28b9692b_1767558425367-Dr7kuZnw.mp4
2026-01-14 20:15:52.294 10836-10836 Capacitor/Console       com.vagabondbible.app                I  File:  - Line 333 - Msg: undefined
2026-01-14 20:15:52.299 10836-10836 Capacitor/Console       com.vagabondbible.app                I  File: https://localhost/assets/index-BL7bI6xN.js - Line 2343 - Msg: [IntroAnimation] Attempting manual video.play()
2026-01-14 20:15:52.365 10836-10890 Capacitor               com.vagabondbible.app                D  Handling local request: https://localhost/assets/splash-intro-DqaDiT6c.mp4
2026-01-14 20:15:52.393 10836-10902 GFXSTREAM               com.vagabondbible.app                E  [GLClientState.cpp(298)] set vao to self, no-op (1)
2026-01-14 20:15:52.469 10836-10836 Capacitor/Console       com.vagabondbible.app                I  File:  - Line 349 - Msg: [object Object]
2026-01-14 20:15:52.470 10836-10836 Capacitor/Console       com.vagabondbible.app                I  File:  - Line 349 - Msg: [object Object]
2026-01-14 20:15:52.472 10836-10836 Capacitor/Console       com.vagabondbible.app                I  File:  - Line 349 - Msg: [object Object]
2026-01-14 20:15:52.472 10836-10836 Capacitor/Console       com.vagabondbible.app                I  File:  - Line 349 - Msg: [object Object]
2026-01-14 20:15:52.490 10836-10836 Capacitor/Plugin        com.vagabondbible.app                V  To native (Capacitor plugin): callbackId: 108106696, pluginId: App, methodName: addListener
2026-01-14 20:15:52.490 10836-10836 Capacitor               com.vagabondbible.app                V  callback: 108106696, pluginId: App, methodName: addListener, methodData: {"eventName":"appUrlOpen"}
2026-01-14 20:15:52.492 10836-10836 Capacitor/Plugin        com.vagabondbible.app                V  To native (Capacitor plugin): callbackId: -1, pluginId: Purchases, methodName: setLogLevel
2026-01-14 20:15:52.492 10836-10836 Capacitor               com.vagabondbible.app                V  callback: -1, pluginId: Purchases, methodName: setLogLevel, methodData: {"level":"DEBUG"}
2026-01-14 20:15:52.493 10836-10836 Capacitor/Plugin        com.vagabondbible.app                V  To native (Capacitor plugin): callbackId: -1, pluginId: Purchases, methodName: configure
2026-01-14 20:15:52.493 10836-10836 Capacitor               com.vagabondbible.app                V  callback: -1, pluginId: Purchases, methodName: configure, methodData: {"apiKey":"appl_IHuuguwDzrFpaSziwpBDtyAdmqg"}
2026-01-14 20:15:52.494 10836-10836 Capacitor/Plugin        com.vagabondbible.app                V  To native (Capacitor plugin): callbackId: 108106697, pluginId: Purchases, methodName: getCustomerInfo
2026-01-14 20:15:52.495 10836-10836 Capacitor               com.vagabondbible.app                V  callback: 108106697, pluginId: Purchases, methodName: getCustomerInfo, methodData: {}
2026-01-14 20:15:52.503 10836-10884 AudioSystem             com.vagabondbible.app                D  onNewServiceWithAdapter: media.audio_flinger service obtained 0x73c86e089cd0
2026-01-14 20:15:52.513 10836-10884 AudioSystem             com.vagabondbible.app                D  getService: IAudioFlingerService retrieved: 0x73c83e09f210  IAudioFlinger cached: 0x73c86e089cd0
2026-01-14 20:15:52.516 10836-10884 AudioSystem             com.vagabondbible.app                D  onNewService: media.audio_policy service obtained 0x73c83e09b2a0
2026-01-14 20:15:52.522 10836-10884 AudioSystem             com.vagabondbible.app                D  getService: IAudioPolicyService retrieved: 0x73c83e09b2a0  cached: 0x73c83e09b2a0
2026-01-14 20:15:52.592 10836-10878 cr_MediaCodecBridge     com.vagabondbible.app                I  create MediaCodec video decoder, mime video/avc, decoder name c2.goldfish.h264.decoder, block_model=false
2026-01-14 20:15:52.615 10836-10947 CCodec                  com.vagabondbible.app                D  allocate(c2.goldfish.h264.decoder)
2026-01-14 20:15:52.629 10836-10900 [Purchases] - ERROR     com.vagabondbible.app                E  The specified API Key is not recognized.
                                                                                                    Ensure that you are using the public app-specific API key, which should look like 'goog_1a2b3c4d5e6f7h' or 'amzn_1a2b3c4d5e6f7h'.
                                                                                                    See https://rev.cat/auth for more details.
2026-01-14 20:15:52.661 10836-10947 ApexCodecsLazy          com.vagabondbible.app                I  ApexCodecs loaded
2026-01-14 20:15:52.661 10836-10947 Codec2Client            com.vagabondbible.app                I  Available Codec2 services: "default" "software" "__ApexCodecs__"
2026-01-14 20:15:52.681 10836-10947 CCodec                  com.vagabondbible.app                I  setting up 'default' as default (vendor) store
2026-01-14 20:15:52.711 10836-10947 CCodec                  com.vagabondbible.app                I  Created component [c2.goldfish.h264.decoder] for [c2.goldfish.h264.decoder]
2026-01-14 20:15:52.712 10836-10947 CCodecConfig            com.vagabondbible.app                D  read media type: video/avc
2026-01-14 20:15:52.717 10836-10947 ReflectedParamUpdater   com.vagabondbible.app                D  extent() != 1 for single value type: algo.buffers.max-count.values
2026-01-14 20:15:52.718 10836-10947 ReflectedParamUpdater   com.vagabondbible.app                D  extent() != 1 for single value type: output.subscribed-indices.values
2026-01-14 20:15:52.718 10836-10947 ReflectedParamUpdater   com.vagabondbible.app                D  extent() != 1 for single value type: input.buffers.allocator-ids.values
2026-01-14 20:15:52.718 10836-10947 ReflectedParamUpdater   com.vagabondbible.app                D  extent() != 1 for single value type: output.buffers.allocator-ids.values
2026-01-14 20:15:52.718 10836-10947 ReflectedParamUpdater   com.vagabondbible.app                D  extent() != 1 for single value type: algo.buffers.allocator-ids.values
2026-01-14 20:15:52.719 10836-10947 ReflectedParamUpdater   com.vagabondbible.app                D  extent() != 1 for single value type: output.buffers.pool-ids.values
2026-01-14 20:15:52.719 10836-10947 ReflectedParamUpdater   com.vagabondbible.app                D  extent() != 1 for single value type: algo.buffers.pool-ids.values
2026-01-14 20:15:52.721 10836-10947 ReflectedParamUpdater   com.vagabondbible.app                D  ignored struct field coded.color-format.locations
2026-01-14 20:15:52.722 10836-10947 CCodecConfig            com.vagabondbible.app                D  ignoring local param raw.size (0xd2001800) as it is already supported
2026-01-14 20:15:52.722 10836-10947 CCodecConfig            com.vagabondbible.app                D  ignoring local param default.color (0x5200180b) as it is already supported
2026-01-14 20:15:52.722 10836-10947 ReflectedParamUpdater   com.vagabondbible.app                D  ignored struct field raw.hdr-static-info.mastering
2026-01-14 20:15:52.727 10836-10947 CCodecConfig            com.vagabondbible.app                I  query failed after returning 12 values (BAD_INDEX)
2026-01-14 20:15:52.727 10836-10947 CCodecConfig            com.vagabondbible.app                D  c2 config diff is Dict {
                                                                                                      c2::u32 coded.pl.level = 20496
                                                                                                      c2::u32 coded.pl.profile = 20481
                                                                                                      c2::u32 coded.vui.color.matrix = 0
                                                                                                      c2::u32 coded.vui.color.primaries = 0
                                                                                                      c2::u32 coded.vui.color.range = 2
                                                                                                      c2::u32 coded.vui.color.transfer = 0
                                                                                                      c2::u32 default.color.matrix = 0
                                                                                                      c2::u32 default.color.primaries = 0
                                                                                                      c2::u32 default.color.range = 0
                                                                                                      c2::u32 default.color.transfer = 0
                                                                                                      c2::u32 input.buffers.max-size.value = 6291456
                                                                                                      c2::u32 input.delay.value = 0
                                                                                                      string input.media-type.value = "video/avc"
                                                                                                      c2::u32 output.delay.value = 8
                                                                                                      string output.media-type.value = "video/raw"
                                                                                                      c2::u32 raw.color.matrix = 0
                                                                                                      c2::u32 raw.color.primaries = 0
                                                                                                      c2::u32 raw.color.range = 2
                                                                                                      c2::u32 raw.color.transfer = 0
                                                                                                      c2::u32 raw.max-size.height = 240
                                                                                                      c2::u32 raw.max-size.width = 320
                                                                                                      c2::u32 raw.pixel-format.value = 35
                                                                                                      c2::i32 raw.rotation.flip = 0
                                                                                                      c2::i32 raw.rotation.value = 0
                                                                                                      c2::u32 raw.sar.height = 1
                                                                                                      c2::u32 raw.sar.width = 1
                                                                                                      c2::u32 raw.size.height = 240
                                                                                                      c2::u32 raw.size.width = 320
                                                                                                      c2:
2026-01-14 20:15:52.727 10836-10947 ColorUtils              com.vagabondbible.app                W  expected specified color aspects (2:0:0:0)
2026-01-14 20:15:52.753 10836-10946 MediaCodec              com.vagabondbible.app                I  MediaCodec will operate in async mode
2026-01-14 20:15:52.754 10836-10878 MediaCodec              com.vagabondbible.app                I  media_quality service unavailable, skipping updatePictureProfile
2026-01-14 20:15:52.755 10836-10946 SurfaceUtils            com.vagabondbible.app                D  connecting to surface 0x73c75e01f2f0, reason connectToSurface
2026-01-14 20:15:52.756 10836-10946 MediaCodec              com.vagabondbible.app                I  [c2.goldfish.h264.decoder] setting surface generation to 11096065
2026-01-14 20:15:52.756 10836-10946 SurfaceUtils            com.vagabondbible.app                D  disconnecting from surface 0x73c75e01f2f0, reason connectToSurface(reconnect)
2026-01-14 20:15:52.756 10836-10946 SurfaceUtils            com.vagabondbible.app                D  connecting to surface 0x73c75e01f2e0, reason connectToSurface(reconnect-with-listener)
2026-01-14 20:15:52.756 10836-10947 CCodec                  com.vagabondbible.app                D  [c2.goldfish.h264.decoder] buffers are bound to CCodec for this session
2026-01-14 20:15:52.757 10836-10947 CCodecConfig            com.vagabondbible.app                D  no c2 equivalents for csd-1
2026-01-14 20:15:52.757 10836-10947 CCodecConfig            com.vagabondbible.app                D  no c2 equivalents for native-window
2026-01-14 20:15:52.757 10836-10947 CCodecConfig            com.vagabondbible.app                D  no c2 equivalents for native-window-generation
2026-01-14 20:15:52.757 10836-10947 CCodecConfig            com.vagabondbible.app                D  no c2 equivalents for flags
2026-01-14 20:15:52.758 10836-10947 CCodecConfig            com.vagabondbible.app                D  config failed => CORRUPTED
2026-01-14 20:15:52.758 10836-10947 CCodecConfig            com.vagabondbible.app                D  c2 config diff is   c2::u32 raw.max-size.height = 1080
                                                                                                      c2::u32 raw.max-size.width = 1920
                                                                                                      c2::u32 raw.size.height = 1080
                                                                                                      c2::u32 raw.size.width = 1920
2026-01-14 20:15:52.758 10836-10947 Codec2Client            com.vagabondbible.app                W  query -- param skipped: index = 1107298332.
2026-01-14 20:15:52.758 10836-10947 CCodec                  com.vagabondbible.app                D  client requested max input size 1566720, which is smaller than what component recommended (6291456); overriding with component recommendation.
2026-01-14 20:15:52.758 10836-10947 CCodec                  com.vagabondbible.app                W  This behavior is subject to change. It is recommended that app developers double check whether the requested max input size is in reasonable range.
2026-01-14 20:15:52.758 10836-10947 CCodec                  com.vagabondbible.app                D  encoding statistics level = 0
2026-01-14 20:15:52.758 10836-10947 CCodec                  com.vagabondbible.app                D  setup formats input: AMessage(what = 0x00000000) = {
                                                                                                      int32_t height = 1080
                                                                                                      int32_t level = 65536
                                                                                                      int32_t max-input-size = 6291456
                                                                                                      string mime = "video/avc"
                                                                                                      int32_t profile = 65536
                                                                                                      int32_t width = 1920
                                                                                                      Rect crop(0, 0, 1919, 1079)
                                                                                                    }
2026-01-14 20:15:52.758 10836-10947 CCodec                  com.vagabondbible.app                D  setup formats output: AMessage(what = 0x00000000) = {
                                                                                                      int32_t android._color-format = 2135033992
                                                                                                      int32_t android._video-scaling = 1
                                                                                                      int32_t rotation-degrees = 0
                                                                                                      int32_t color-standard = 1
                                                                                                      int32_t color-range = 2
                                                                                                      int32_t color-transfer = 3
                                                                                                      int32_t sar-height = 1
                                                                                                      int32_t sar-width = 1
                                                                                                      Rect crop(0, 0, 1919, 1079)
                                                                                                      int32_t width = 1920
                                                                                                      int32_t height = 1080
                                                                                                      int32_t max-height = 1080
                                                                                                      int32_t max-width = 1920
                                                                                                      string mime = "video/raw"
                                                                                                      int32_t android._dataspace = 260
                                                                                                      int32_t color-format = 2130708361
                                                                                                    }
2026-01-14 20:15:52.759 10836-10947 CCodecConfig            com.vagabondbible.app                I  query failed after returning 12 values (BAD_INDEX)
2026-01-14 20:15:52.759 10836-10947 gabondbible.app         com.vagabondbible.app                E  Failed to query component interface for required system resources: 6
2026-01-14 20:15:52.760 10836-10878 MediaCodec              com.vagabondbible.app                D  keep callback message for reclaim
2026-01-14 20:15:52.761 10836-10947 Codec2Client            com.vagabondbible.app                W  query -- param skipped: index = 1342179345.
2026-01-14 20:15:52.761 10836-10947 Codec2Client            com.vagabondbible.app                W  query -- param skipped: index = 2415921170.
2026-01-14 20:15:52.761 10836-10947 Codec2Client            com.vagabondbible.app                W  query -- param skipped: index = 1610614798.
2026-01-14 20:15:52.761 10836-10947 Codec2Client            com.vagabondbible.app                W  query -- param skipped: index = 2684356609.
2026-01-14 20:15:52.762 10836-10947 C2Store                 com.vagabondbible.app                D  Using DMABUF Heaps
2026-01-14 20:15:52.765 10836-10947 CCodecBufferChannel     com.vagabondbible.app                D  [c2.goldfish.h264.decoder#569] Created input block pool with allocatorID 16 => poolID 17 - OK (0)
2026-01-14 20:15:52.766 10836-10947 CCodecBufferChannel     com.vagabondbible.app                D  [c2.goldfish.h264.decoder#569] Query output surface allocator returned 0 params => BAD_INDEX (6)
2026-01-14 20:15:52.767 10836-10947 CCodecBufferChannel     com.vagabondbible.app                I  [c2.goldfish.h264.decoder#569] Created output block pool with allocatorID 18 => poolID 19 - OK
2026-01-14 20:15:52.767 10836-10947 CCodecBufferChannel     com.vagabondbible.app                D  [c2.goldfish.h264.decoder#569] Configured output block pool ids 19 => OK
2026-01-14 20:15:52.767 10836-10947 Codec2-Out...ufferQueue com.vagabondbible.app                D  remote graphic buffer migration 0/0
2026-01-14 20:15:52.767 10836-10947 Codec2Client            com.vagabondbible.app                D  setOutputSurface -- failed to set consumer usage (6/BAD_INDEX)
2026-01-14 20:15:52.767 10836-10947 Codec2Client            com.vagabondbible.app                D  setOutputSurface -- generation=11096065 consumer usage=0x900
2026-01-14 20:15:52.785 10836-10947 Codec2Client            com.vagabondbible.app                D  Surface configure completed
2026-01-14 20:15:52.785 10836-10947 DMABUFHEAPS             com.vagabondbible.app                I  Using DMA-BUF heap named: system
2026-01-14 20:15:52.932 10836-10900 gabondbible.app         com.vagabondbible.app                W  Verification of void com.revenuecat.purchases.paywalls.FontLoader.addFileToCache(java.lang.String, java.io.File) took 123.287ms (1881.77 bytecodes/s) (0B arena alloc)
2026-01-14 20:15:52.938 10836-10878 Capacitor               com.vagabondbible.app                D  Handling local request: https://localhost/assets/splash-intro-DqaDiT6c.mp4
