--------- beginning of crash
--------- beginning of system
--------- beginning of main
2026-01-15 00:31:15.039  6107-6107  gabondbible.app         com.vagabondbible.app                I  Late-enabling -Xcheck:jni
2026-01-15 00:31:15.050  6107-6107  gabondbible.app         com.vagabondbible.app                I  Using CollectorTypeCMC GC.
2026-01-15 00:31:15.054  6107-6107  nativeloader            com.vagabondbible.app                D  Load libframework-connectivity-tiramisu-jni.so using APEX ns com_android_tethering for caller /apex/com.android.tethering/javalib/framework-connectivity-t.jar: ok
2026-01-15 00:31:15.063  6107-6107  nativeloader            com.vagabondbible.app                D  Load /data/user/0/com.vagabondbible.app/code_cache/startup_agents/69b40b6c-agent.so using system ns (caller=<unknown>): ok
2026-01-15 00:31:15.066  6107-6107  gabondbible.app         com.vagabondbible.app                W  hiddenapi: DexFile /data/data/com.vagabondbible.app/code_cache/.studio/instruments-cbb5ff5f.jar is in boot class path but is not in a known location
2026-01-15 00:31:15.125  6107-6107  gabondbible.app         com.vagabondbible.app                W  Redefining intrinsic method java.lang.Thread java.lang.Thread.currentThread(). This may cause the unexpected use of the original definition of java.lang.Thread java.lang.Thread.currentThread()in methods that have already been compiled.
2026-01-15 00:31:15.125  6107-6107  gabondbible.app         com.vagabondbible.app                W  Redefining intrinsic method boolean java.lang.Thread.interrupted(). This may cause the unexpected use of the original definition of boolean java.lang.Thread.interrupted()in methods that have already been compiled.
2026-01-15 00:31:15.127  6107-6107  Compatibil...geReporter com.vagabondbible.app                D  Compat change id reported: 171979766; UID 10207; state: ENABLED
2026-01-15 00:31:15.128  6107-6107  Compatibil...geReporter com.vagabondbible.app                D  Compat change id reported: 242716250; UID 10207; state: ENABLED
2026-01-15 00:31:15.240  6107-6107  nativeloader            com.vagabondbible.app                D  Configuring clns-4 for other apk /data/app/~~CSvDmzliAgcg9ySsBW371w==/com.vagabondbible.app-Cnlyc1SUAuttxD_4M1RI7Q==/base.apk. target_sdk_version=36, uses_libraries=, library_path=/data/app/~~CSvDmzliAgcg9ySsBW371w==/com.vagabondbible.app-Cnlyc1SUAuttxD_4M1RI7Q==/lib/arm64, permitted_path=/data:/mnt/expand:/data/user/0/com.vagabondbible.app
2026-01-15 00:31:15.244  6107-6107  nativeloader            com.vagabondbible.app                D  Load libframework-connectivity-jni.so using APEX ns com_android_tethering for caller /apex/com.android.tethering/javalib/framework-connectivity.jar: ok
2026-01-15 00:31:15.244  6107-6107  Perf                    com.vagabondbible.app                I  Connecting to perf service.
2026-01-15 00:31:15.246  6107-6107  GraphicsEnvironment     com.vagabondbible.app                V  Currently set values for:
2026-01-15 00:31:15.246  6107-6107  GraphicsEnvironment     com.vagabondbible.app                V    angle_gl_driver_selection_pkgs=[]
2026-01-15 00:31:15.246  6107-6107  GraphicsEnvironment     com.vagabondbible.app                V    angle_gl_driver_selection_values=[]
2026-01-15 00:31:15.246  6107-6107  GraphicsEnvironment     com.vagabondbible.app                V  ANGLE GameManagerService for com.vagabondbible.app: false
2026-01-15 00:31:15.246  6107-6107  GraphicsEnvironment     com.vagabondbible.app                V  com.vagabondbible.app is not listed in per-application setting
2026-01-15 00:31:15.246  6107-6107  GraphicsEnvironment     com.vagabondbible.app                V  Neither updatable production driver nor prerelease driver is supported.
2026-01-15 00:31:15.252  6107-6107  Compatibil...geReporter com.vagabondbible.app                D  Compat change id reported: 183155436; UID 10207; state: ENABLED
2026-01-15 00:31:15.256  6107-6107  FirebaseApp             com.vagabondbible.app                I  Device unlocked: initializing all Firebase APIs for app [DEFAULT]
2026-01-15 00:31:15.257  6107-6107  FirebaseInitProvider    com.vagabondbible.app                I  FirebaseApp initialization successful
2026-01-15 00:31:15.275  6107-6107  AppCompatDelegate       com.vagabondbible.app                D  Checking for metadata for AppLocalesMetadataHolderService : Service not found
2026-01-15 00:31:15.295  6107-6107  gabondbible.app         com.vagabondbible.app                I  hiddenapi: Accessing hidden method Landroid/view/ViewGroup;->makeOptionalFitsSystemWindows()V (runtime_flags=0, domain=platform, api=unsupported) from Landroidx/appcompat/widget/ViewUtils; (domain=app) using reflection: allowed
2026-01-15 00:31:15.299  6107-6107  WebViewFactory          com.vagabondbible.app                I  Loading com.google.android.webview version 143.0.7499.192 (code 749919233)
2026-01-15 00:31:15.300  6107-6107  gabondbible.app         com.vagabondbible.app                W  Failed to find entry 'classes.dex': Entry not found
2026-01-15 00:31:15.301  6107-6107  nativeloader            com.vagabondbible.app                D  Configuring clns-5 for other apk /data/app/~~7FOzpOOjPJ4pt3JnQrBBSg==/com.google.android.trichromelibrary_749919233-E_r2M632EBgY3YTwqtZh5w==/base.apk. target_sdk_version=36, uses_libraries=ALL, library_path=/data/app/~~HmyCpMcKm506mprrcsw2Gw==/com.google.android.webview-TPHujTraCzKMkZ39AcXivw==/lib/arm64:/data/app/~~HmyCpMcKm506mprrcsw2Gw==/com.google.android.webview-TPHujTraCzKMkZ39AcXivw==/base.apk!/lib/arm64-v8a:/data/app/~~7FOzpOOjPJ4pt3JnQrBBSg==/com.google.android.trichromelibrary_749919233-E_r2M632EBgY3YTwqtZh5w==/base.apk!/lib/arm64-v8a, permitted_path=/data:/mnt/expand
2026-01-15 00:31:15.301  6107-6107  nativeloader            com.vagabondbible.app                D  Extending system_exposed_libraries: libupdateprof.qti.so:libthermalclient.qti.so:libQOC.qti.so:libdiag_system.qti.so:libqape.qti.so:libqesdk_ndk_platform.qti.so:liblistenjni.qti.so
2026-01-15 00:31:15.302  6107-6107  gabondbible.app         com.vagabondbible.app                W  Loading /data/app/~~HmyCpMcKm506mprrcsw2Gw==/com.google.android.webview-TPHujTraCzKMkZ39AcXivw==/oat/arm64/base.odex non-executable as it requires an image which we failed to load
2026-01-15 00:31:15.302  6107-6107  nativeloader            com.vagabondbible.app                D  Configuring clns-6 for other apk /data/app/~~HmyCpMcKm506mprrcsw2Gw==/com.google.android.webview-TPHujTraCzKMkZ39AcXivw==/base.apk. target_sdk_version=36, uses_libraries=, library_path=/data/app/~~HmyCpMcKm506mprrcsw2Gw==/com.google.android.webview-TPHujTraCzKMkZ39AcXivw==/lib/arm64:/data/app/~~HmyCpMcKm506mprrcsw2Gw==/com.google.android.webview-TPHujTraCzKMkZ39AcXivw==/base.apk!/lib/arm64-v8a:/data/app/~~7FOzpOOjPJ4pt3JnQrBBSg==/com.google.android.trichromelibrary_749919233-E_r2M632EBgY3YTwqtZh5w==/base.apk!/lib/arm64-v8a, permitted_path=/data:/mnt/expand
2026-01-15 00:31:15.312  6107-6107  cr_WVCFactoryProvider   com.vagabondbible.app                I  version=143.0.7499.192 (749919233) minSdkVersion=29 multiprocess=true packageId=127 splits=<none>
2026-01-15 00:31:15.330  6107-6107  nativeloader            com.vagabondbible.app                D  Load /data/app/~~7FOzpOOjPJ4pt3JnQrBBSg==/com.google.android.trichromelibrary_749919233-E_r2M632EBgY3YTwqtZh5w==/base.apk!/lib/arm64-v8a/libmonochrome_64.so using class loader ns clns-6 (caller=/data/app/~~HmyCpMcKm506mprrcsw2Gw==/com.google.android.webview-TPHujTraCzKMkZ39AcXivw==/base.apk): ok
2026-01-15 00:31:15.331  6107-6107  nativeloader            com.vagabondbible.app                D  Load /system/lib64/libwebviewchromium_plat_support.so using class loader ns clns-6 (caller=/data/app/~~HmyCpMcKm506mprrcsw2Gw==/com.google.android.webview-TPHujTraCzKMkZ39AcXivw==/base.apk): ok
2026-01-15 00:31:15.332  6107-6135  chromium                com.vagabondbible.app                I  [0115/003115.332642:INFO:android_webview/browser/variations/variations_seed_loader.cc:67] Failed to open file for reading.: No such file or directory (2)
2026-01-15 00:31:15.339  6107-6107  cr_LibraryLoader        com.vagabondbible.app                I  Successfully loaded native library
2026-01-15 00:31:15.339  6107-6107  cr_CachingUmaRecorder   com.vagabondbible.app                I  Flushed 18 samples from 18 histograms, 0 samples were dropped.
2026-01-15 00:31:15.341  6107-6107  cr_CombinedPProvider    com.vagabondbible.app                I  #registerProvider() provider:WV.jk@5f2916b isPolicyCacheEnabled:false policyProvidersSize:0
2026-01-15 00:31:15.341  6107-6107  cr_PolicyProvider       com.vagabondbible.app                I  #setManagerAndSource() 0
2026-01-15 00:31:15.343  6107-6107  cr_DisplayManager       com.vagabondbible.app                I  Is Display Topology available: false
2026-01-15 00:31:15.353  6107-6107  cr_CombinedPProvider    com.vagabondbible.app                I  #linkNativeInternal() 1
2026-01-15 00:31:15.354  6107-6107  cr_AppResProvider       com.vagabondbible.app                I  #getApplicationRestrictionsFromUserManager() Bundle[EMPTY_PARCEL]
2026-01-15 00:31:15.354  6107-6107  cr_PolicyProvider       com.vagabondbible.app                I  #notifySettingsAvailable() 0
2026-01-15 00:31:15.354  6107-6107  cr_CombinedPProvider    com.vagabondbible.app                I  #onSettingsAvailable() 0
2026-01-15 00:31:15.354  6107-6107  cr_CombinedPProvider    com.vagabondbible.app                I  #flushPolicies()
2026-01-15 00:31:15.370  6107-6107  chromium                com.vagabondbible.app                W  [WARNING:android_webview/browser/network_service/net_helpers.cc:143] HTTP Cache size is: 335544320
2026-01-15 00:31:15.374  6107-6107  Compatibil...geReporter com.vagabondbible.app                D  Compat change id reported: 214741472; UID 10207; state: ENABLED
2026-01-15 00:31:15.377  6107-6107  Compatibil...geReporter com.vagabondbible.app                D  Compat change id reported: 171228096; UID 10207; state: ENABLED
2026-01-15 00:31:15.400  6107-6107  Capacitor               com.vagabondbible.app                D  Starting BridgeActivity
2026-01-15 00:31:15.409  6107-6107  Capacitor               com.vagabondbible.app                D  Registering plugin instance: CapacitorCookies
2026-01-15 00:31:15.410  6107-6107  Capacitor               com.vagabondbible.app                D  Registering plugin instance: WebView
2026-01-15 00:31:15.411  6107-6107  Capacitor               com.vagabondbible.app                D  Registering plugin instance: CapacitorHttp
2026-01-15 00:31:15.413  6107-6107  Capacitor               com.vagabondbible.app                D  Registering plugin instance: SystemBars
2026-01-15 00:31:15.414  6107-6107  Capacitor               com.vagabondbible.app                D  Registering plugin instance: FirebaseAuthentication
2026-01-15 00:31:15.423  6107-6107  Compatibil...geReporter com.vagabondbible.app                D  Compat change id reported: 3400644; UID 10207; state: ENABLED
2026-01-15 00:31:15.543  6107-6107  Capacitor               com.vagabondbible.app                D  Registering plugin instance: App
2026-01-15 00:31:15.544  6107-6107  Capacitor               com.vagabondbible.app                D  Registering plugin instance: Browser
2026-01-15 00:31:15.545  6107-6107  Capacitor               com.vagabondbible.app                D  Registering plugin instance: SplashScreen
2026-01-15 00:31:15.547  6107-6107  Capacitor               com.vagabondbible.app                D  Registering plugin instance: StatusBar
2026-01-15 00:31:15.549  6107-6107  Capacitor/...sBarPlugin com.vagabondbible.app                V  Notifying listeners for event statusBarOverlayChanged
2026-01-15 00:31:15.549  6107-6107  Capacitor/...sBarPlugin com.vagabondbible.app                D  No listeners found for event statusBarOverlayChanged
2026-01-15 00:31:15.549  6107-6107  Capacitor/...sBarPlugin com.vagabondbible.app                V  Notifying listeners for event statusBarOverlayChanged
2026-01-15 00:31:15.549  6107-6107  Capacitor/...sBarPlugin com.vagabondbible.app                D  No listeners found for event statusBarOverlayChanged
2026-01-15 00:31:15.550  6107-6107  Capacitor               com.vagabondbible.app                D  Registering plugin instance: Purchases
2026-01-15 00:31:15.558  6107-6107  Capacitor               com.vagabondbible.app                W  Unable to read file at path public/plugins
2026-01-15 00:31:15.561  6107-6107  Capacitor               com.vagabondbible.app                D  Loading app at https://localhost
2026-01-15 00:31:15.568  6107-6157  cr_media                com.vagabondbible.app                W  BLUETOOTH_CONNECT permission is missing.
2026-01-15 00:31:15.568  6107-6157  cr_media                com.vagabondbible.app                W  getBluetoothAdapter() requires BLUETOOTH permission
2026-01-15 00:31:15.568  6107-6157  cr_media                com.vagabondbible.app                W  registerBluetoothIntentsIfNeeded: Requires BLUETOOTH permission
2026-01-15 00:31:15.571  6107-6147  Capacitor               com.vagabondbible.app                D  Handling local request: https://localhost/
2026-01-15 00:31:15.575  6107-6107  Capacitor               com.vagabondbible.app                D  App started
2026-01-15 00:31:15.576  6107-6107  WindowOnBackDispatcher  com.vagabondbible.app                W  OnBackInvokedCallback is not enabled for the application.
                                                                                                    Set 'android:enableOnBackInvokedCallback="true"' in the application manifest.
2026-01-15 00:31:15.577  6107-6107  Capacitor/AppPlugin     com.vagabondbible.app                D  Firing change: true
2026-01-15 00:31:15.577  6107-6107  Capacitor/AppPlugin     com.vagabondbible.app                V  Notifying listeners for event appStateChange
2026-01-15 00:31:15.577  6107-6107  Capacitor/AppPlugin     com.vagabondbible.app                D  No listeners found for event appStateChange
2026-01-15 00:31:15.577  6107-6188  AdrenoVK-0              com.vagabondbible.app                I  ===== BEGIN DUMP OF OVERRIDDEN SETTINGS =====
2026-01-15 00:31:15.577  6107-6188  AdrenoVK-0              com.vagabondbible.app                I  ===== END DUMP OF OVERRIDDEN SETTINGS =====
2026-01-15 00:31:15.578  6107-6188  AdrenoVK-0              com.vagabondbible.app                I  QUALCOMM build          : 72d8b177be, I020fdb6434
                                                                                                    Build Date              : 02/27/24
                                                                                                    Shader Compiler Version : EV031.36.08.28
                                                                                                    Local Branch            : 
                                                                                                    Remote Branch           : refs/tags/AU_LINUX_ANDROID_LA.VENDOR.1.0.11.00.00.770.073
                                                                                                    Remote Branch           : NONE
                                                                                                    Reconstruct Branch      : NOTHING
2026-01-15 00:31:15.578  6107-6188  AdrenoVK-0              com.vagabondbible.app                I  Build Config            : S P 12.1.1 AArch64
2026-01-15 00:31:15.578  6107-6188  AdrenoVK-0              com.vagabondbible.app                I  Driver Path             : /vendor/lib64/hw/vulkan.adreno.so
2026-01-15 00:31:15.578  6107-6188  AdrenoVK-0              com.vagabondbible.app                I  Driver Version          : 0615.84
2026-01-15 00:31:15.578  6107-6188  AdrenoVK-0              com.vagabondbible.app                I  PFP                     : 0x01730158
2026-01-15 00:31:15.578  6107-6188  AdrenoVK-0              com.vagabondbible.app                I  ME                      : 0x00000000
2026-01-15 00:31:15.578  6107-6188  AdrenoVK-0              com.vagabondbible.app                I  Application Name    : 
                                                                                                    Application Version : 0x00000001
                                                                                                    Engine Name         : 
                                                                                                    Engine Version      : 0x00000001
                                                                                                    Api Version         : 0x00403000
2026-01-15 00:31:15.579  6107-6188  AdrenoGLES-0            com.vagabondbible.app                I  QUALCOMM build                   : 72d8b177be, I020fdb6434
                                                                                                    Build Date                       : 02/27/24
                                                                                                    OpenGL ES Shader Compiler Version: EV031.36.08.28
                                                                                                    Local Branch                     : 
                                                                                                    Remote Branch                    : refs/tags/AU_LINUX_ANDROID_LA.VENDOR.1.0.11.00.00.770.073
                                                                                                    Remote Branch                    : NONE
                                                                                                    Reconstruct Branch               : NOTHING
2026-01-15 00:31:15.579  6107-6188  AdrenoGLES-0            com.vagabondbible.app                I  Build Config                     : S P 12.1.1 AArch64
2026-01-15 00:31:15.579  6107-6188  AdrenoGLES-0            com.vagabondbible.app                I  Driver Path                      : /vendor/lib64/egl/libGLESv2_adreno.so
2026-01-15 00:31:15.579  6107-6188  AdrenoGLES-0            com.vagabondbible.app                I  Driver Version                   : 0615.84
2026-01-15 00:31:15.580  6107-6188  AdrenoGLES-0            com.vagabondbible.app                I  PFP: 0x01730158, ME: 0x00000000
2026-01-15 00:31:15.581  6107-6107  Capacitor/BrowserPlugin com.vagabondbible.app                V  Notifying listeners for event browserFinished
2026-01-15 00:31:15.581  6107-6107  Capacitor/BrowserPlugin com.vagabondbible.app                D  No listeners found for event browserFinished
2026-01-15 00:31:15.581  6107-6107  Capacitor               com.vagabondbible.app                D  App resumed
2026-01-15 00:31:15.584  6107-6107  Compatibil...geReporter com.vagabondbible.app                D  Compat change id reported: 237531167; UID 10207; state: DISABLED
2026-01-15 00:31:15.597  6107-6107  Choreographer           com.vagabondbible.app                I  Skipped 39 frames!  The application may be doing too much work on its main thread.
2026-01-15 00:31:15.601  6107-6107  Compatibil...geReporter com.vagabondbible.app                D  Compat change id reported: 193247900; UID 10207; state: ENABLED
2026-01-15 00:31:15.601  6107-6198  CameraManagerGlobal     com.vagabondbible.app                I  Connecting to camera service
2026-01-15 00:31:15.609  6107-6198  libc                    com.vagabondbible.app                W  Access denied finding property "vendor.camera.aux.packagelist"
2026-01-15 00:31:15.610  6107-6198  libc                    com.vagabondbible.app                W  Access denied finding property "vendor.camera.aux.packagelist"
2026-01-15 00:31:15.610  6107-6198  libc                    com.vagabondbible.app                W  Access denied finding property "vendor.camera.aux.packagelist"
2026-01-15 00:31:15.610  6107-6198  libc                    com.vagabondbible.app                W  Access denied finding property "vendor.camera.aux.packagelist"
2026-01-15 00:31:15.610  6107-6121  libc                    com.vagabondbible.app                W  Access denied finding property "vendor.camera.aux.packagelist"
2026-01-15 00:31:15.610  6107-6121  libc                    com.vagabondbible.app                W  Access denied finding property "vendor.camera.aux.packagelist"
2026-01-15 00:31:15.610  6107-6121  CameraManagerGlobal     com.vagabondbible.app                W  ignore the torch status update of camera: 2
2026-01-15 00:31:15.610  6107-6121  libc                    com.vagabondbible.app                W  Access denied finding property "vendor.camera.aux.packagelist"
2026-01-15 00:31:15.610  6107-6121  CameraManagerGlobal     com.vagabondbible.app                W  ignore the torch status update of camera: 3
2026-01-15 00:31:15.614  6107-6128  OpenGLRenderer          com.vagabondbible.app                E  Unable to match the desired swap behavior.
2026-01-15 00:31:15.616  6107-6107  Capacitor/...tionPlugin com.vagabondbible.app                V  Notifying listeners for event authStateChange
2026-01-15 00:31:15.616  6107-6107  Capacitor/...tionPlugin com.vagabondbible.app                D  No listeners found for event authStateChange
2026-01-15 00:31:15.622  6107-6107  Capacitor/...tionPlugin com.vagabondbible.app                V  Notifying listeners for event idTokenChange
2026-01-15 00:31:15.622  6107-6107  Capacitor/...tionPlugin com.vagabondbible.app                D  No listeners found for event idTokenChange
2026-01-15 00:31:15.630  6107-6147  Compatibil...geReporter com.vagabondbible.app                D  Compat change id reported: 263076149; UID 10207; state: ENABLED
2026-01-15 00:31:15.637  6107-6160  Capacitor               com.vagabondbible.app                D  Handling local request: https://localhost/assets/index-Vncr4j1y.js
2026-01-15 00:31:15.638  6107-6161  Capacitor               com.vagabondbible.app                D  Handling local request: https://localhost/assets/index-C0krcrs5.css
2026-01-15 00:31:15.642  6107-6107  gabondbible.app         com.vagabondbible.app                I  hiddenapi: Accessing hidden field Landroid/content/pm/ApplicationInfo;->primaryCpuAbi:Ljava/lang/String; (runtime_flags=0, domain=platform, api=unsupported) from Lorg/chromium/android_webview/SystemStateUtil; (domain=app) using reflection: allowed
2026-01-15 00:31:15.649  6107-6169  AudioCapabilities       com.vagabondbible.app                W  Unsupported mime audio/alac
2026-01-15 00:31:15.650  6107-6169  AudioCapabilities       com.vagabondbible.app                W  Unsupported mime audio/x-ape
2026-01-15 00:31:15.650  6107-6169  AudioCapabilities       com.vagabondbible.app                W  Unsupported mime audio/evrc
2026-01-15 00:31:15.650  6107-6169  AudioCapabilities       com.vagabondbible.app                W  Unsupported mime audio/qcelp
2026-01-15 00:31:15.650  6107-6169  AudioCapabilities       com.vagabondbible.app                W  Unsupported mime audio/dsd
2026-01-15 00:31:15.650  6107-6169  AudioCapabilities       com.vagabondbible.app                W  Unsupported mime audio/amr-wb-plus
2026-01-15 00:31:15.651  6107-6169  AudioCapabilities       com.vagabondbible.app                W  Unsupported mime audio/x-ms-wma
2026-01-15 00:31:15.651  6107-6169  AudioCapabilities       com.vagabondbible.app                W  Unsupported mime audio/evrc
2026-01-15 00:31:15.651  6107-6169  AudioCapabilities       com.vagabondbible.app                W  Unsupported mime audio/qcelp
2026-01-15 00:31:15.651  6107-6169  AudioCapabilities       com.vagabondbible.app                W  Unsupported mime audio/alac
2026-01-15 00:31:15.651  6107-6169  AudioCapabilities       com.vagabondbible.app                W  Unsupported mime audio/x-ape
2026-01-15 00:31:15.673  6107-6169  VideoCapabilities       com.vagabondbible.app                W  Unsupported mime image/vnd.android.heic
2026-01-15 00:31:15.673  6107-6169  VideoCapabilities       com.vagabondbible.app                W  Unsupported mime image/vnd.android.heic
2026-01-15 00:31:15.764  6107-6107  Capacitor/Console       com.vagabondbible.app                I  File: https://localhost/assets/index-Vncr4j1y.js - Line 1922 - Msg: [Firebase Config] Native platform detected
2026-01-15 00:31:15.764  6107-6107  Capacitor/Console       com.vagabondbible.app                I  File: https://localhost/assets/index-Vncr4j1y.js - Line 1922 - Msg: [Firebase Config] API Key present: true
2026-01-15 00:31:15.764  6107-6107  Capacitor/Console       com.vagabondbible.app                I  File: https://localhost/assets/index-Vncr4j1y.js - Line 1922 - Msg: [Firebase Config] Project ID: travelingchurch-1b4ab
2026-01-15 00:31:15.764  6107-6107  Capacitor/Console       com.vagabondbible.app                I  File: https://localhost/assets/index-Vncr4j1y.js - Line 1922 - Msg: [Firebase Config] App ID present: true
2026-01-15 00:31:15.764  6107-6107  Capacitor/Console       com.vagabondbible.app                I  File: https://localhost/assets/index-Vncr4j1y.js - Line 1922 - Msg: [Firebase] App initialized successfully
2026-01-15 00:31:15.765  6107-6107  Capacitor/Console       com.vagabondbible.app                I  File: https://localhost/assets/index-Vncr4j1y.js - Line 1922 - Msg: [Firebase] Using getAuth for native platform
2026-01-15 00:31:15.788  6107-6146  Capacitor               com.vagabondbible.app                D  Handling local request: https://localhost/assets/Pastor_Brett_Chat_Icon_1767476985840-ChGfprkT.png
2026-01-15 00:31:15.799  6107-6107  Capacitor/Console       com.vagabondbible.app                I  File: https://localhost/assets/index-Vncr4j1y.js - Line 2343 - Msg: [useIntroAnimation] Initial state, isNativePlatform: true
2026-01-15 00:31:15.799  6107-6107  Capacitor/Console       com.vagabondbible.app                I  File: https://localhost/assets/index-Vncr4j1y.js - Line 2343 - Msg: [IntroAnimation] Mounted, isNative: true video src: /assets/splash-intro-DqaDiT6c.mp4
2026-01-15 00:31:15.804  6107-6113  gabondbible.app         com.vagabondbible.app                I  Compiler allocated 4418KB to compile void android.view.ViewRootImpl.performTraversals()
2026-01-15 00:31:15.809  6107-6107  Capacitor/Console       com.vagabondbible.app                I  File: https://localhost/assets/index-Vncr4j1y.js - Line 2343 - Msg: [IntroAnimation] Hiding native splash screen
2026-01-15 00:31:15.810  6107-6146  Capacitor               com.vagabondbible.app                D  Handling local request: https://localhost/assets/Bigger_White_Logo_1767824644015-yoZIbkGk.png
2026-01-15 00:31:15.810  6107-6107  Capacitor/Console       com.vagabondbible.app                I  File:  - Line 349 - Msg: [object Object]
2026-01-15 00:31:15.810  6107-6147  Capacitor               com.vagabondbible.app                D  Handling local request: https://localhost/assets/index-Xw9qNZtF.js
2026-01-15 00:31:15.810  6107-6107  Capacitor/Console       com.vagabondbible.app                I  File:  - Line 349 - Msg: [object Object]
2026-01-15 00:31:15.812  6107-6146  Capacitor               com.vagabondbible.app                D  Handling local request: https://localhost/assets/index-BsrsPTcp.js
2026-01-15 00:31:15.822  6107-6146  Capacitor               com.vagabondbible.app                D  Handling local request: https://localhost/assets/splash-intro-DqaDiT6c.mp4
2026-01-15 00:31:15.823  6107-6146  Capacitor               com.vagabondbible.app                D  Handling local request: https://localhost/assets/text-to-video-28b9692b_1767558425367-Dr7kuZnw.mp4
2026-01-15 00:31:15.826  6107-6107  Capacitor/Console       com.vagabondbible.app                I  File:  - Line 349 - Msg: [object Object]
2026-01-15 00:31:15.826  6107-6107  Capacitor/Console       com.vagabondbible.app                I  File:  - Line 349 - Msg: [object Object]
2026-01-15 00:31:15.826  6107-6107  Capacitor/Console       com.vagabondbible.app                I  File:  - Line 349 - Msg: [object Object]
2026-01-15 00:31:15.826  6107-6107  Capacitor/Console       com.vagabondbible.app                I  File:  - Line 349 - Msg: [object Object]
2026-01-15 00:31:15.829  6107-6107  Capacitor/Plugin        com.vagabondbible.app                V  To native (Capacitor plugin): callbackId: 58189961, pluginId: SplashScreen, methodName: hide
2026-01-15 00:31:15.829  6107-6107  Capacitor               com.vagabondbible.app                V  callback: 58189961, pluginId: SplashScreen, methodName: hide, methodData: {"fadeOutDuration":200}
2026-01-15 00:31:15.829  6107-6107  Capacitor/Plugin        com.vagabondbible.app                V  To native (Capacitor plugin): callbackId: 58189962, pluginId: StatusBar, methodName: getInfo
2026-01-15 00:31:15.829  6107-6107  Capacitor               com.vagabondbible.app                V  callback: 58189962, pluginId: StatusBar, methodName: getInfo, methodData: {}
2026-01-15 00:31:15.830  6107-6107  Capacitor/Plugin        com.vagabondbible.app                V  To native (Capacitor plugin): callbackId: 58189963, pluginId: App, methodName: addListener
2026-01-15 00:31:15.830  6107-6107  Capacitor               com.vagabondbible.app                V  callback: 58189963, pluginId: App, methodName: addListener, methodData: {"eventName":"appUrlOpen"}
2026-01-15 00:31:15.830  6107-6107  Capacitor/Plugin        com.vagabondbible.app                V  To native (Capacitor plugin): callbackId: -1, pluginId: Purchases, methodName: setLogLevel
2026-01-15 00:31:15.830  6107-6107  Capacitor               com.vagabondbible.app                V  callback: -1, pluginId: Purchases, methodName: setLogLevel, methodData: {"level":"DEBUG"}
2026-01-15 00:31:15.830  6107-6107  Capacitor/Plugin        com.vagabondbible.app                V  To native (Capacitor plugin): callbackId: -1, pluginId: Purchases, methodName: configure
2026-01-15 00:31:15.831  6107-6107  Capacitor               com.vagabondbible.app                V  callback: -1, pluginId: Purchases, methodName: configure, methodData: {"apiKey":"appl_IHuuguwDzrFpaSziwpBDtyAdmqg"}
2026-01-15 00:31:15.831  6107-6107  Capacitor/Plugin        com.vagabondbible.app                V  To native (Capacitor plugin): callbackId: 58189964, pluginId: Purchases, methodName: getCustomerInfo
2026-01-15 00:31:15.831  6107-6107  Capacitor               com.vagabondbible.app                V  callback: 58189964, pluginId: Purchases, methodName: getCustomerInfo, methodData: {}
2026-01-15 00:31:15.832  6107-6107  Capacitor/Console       com.vagabondbible.app                I  File:  - Line 333 - Msg: undefined
2026-01-15 00:31:15.832  6107-6107  Capacitor/Console       com.vagabondbible.app                I  File: https://localhost/assets/index-Vncr4j1y.js - Line 2343 - Msg: [IntroAnimation] Attempting manual video.play()
2026-01-15 00:31:15.835  6107-6107  Capacitor/Console       com.vagabondbible.app                I  File:  - Line 333 - Msg: {"visible":true,"style":"DARK","color":"#000000","overlays":true,"height":44}
2026-01-15 00:31:15.837  6107-6107  Capacitor/Console       com.vagabondbible.app                I  File: https://localhost/assets/index-Vncr4j1y.js - Line 2343 - Msg: [IntroAnimation] Mounted, isNative: true video src: /assets/splash-intro-DqaDiT6c.mp4
2026-01-15 00:31:15.841  6107-6147  cr_MediaCodecBridge     com.vagabondbible.app                I  create MediaCodec video decoder, mime video/avc, decoder name c2.qti.avc.decoder, block_model=false
2026-01-15 00:31:15.846  6107-6237  CCodec                  com.vagabondbible.app                D  allocate(c2.qti.avc.decoder)
2026-01-15 00:31:15.847  6107-6237  Codec2Client            com.vagabondbible.app                I  Available Codec2 services: "default" "default2" "software"
2026-01-15 00:31:15.848  6107-6237  CCodec                  com.vagabondbible.app                I  setting up 'default' as default (vendor) store
2026-01-15 00:31:15.851  6107-6237  CCodec                  com.vagabondbible.app                I  Created component [c2.qti.avc.decoder]
2026-01-15 00:31:15.851  6107-6237  CCodecConfig            com.vagabondbible.app                D  read media type: video/avc
2026-01-15 00:31:15.852  6107-6237  ReflectedParamUpdater   com.vagabondbible.app                D  extent() != 1 for single value type: vendor.qti-ext-vpp-extradata.extradata-types
2026-01-15 00:31:15.853  6107-6237  ReflectedParamUpdater   com.vagabondbible.app                D  extent() != 1 for single value type: vendor.qti-ext-dec-info-misr.misr_info_first_field.misr_dpb_luma
2026-01-15 00:31:15.853  6107-6237  ReflectedParamUpdater   com.vagabondbible.app                D  extent() != 1 for single value type: vendor.qti-ext-dec-info-misr.misr_info_first_field.misr_dpb_chroma
2026-01-15 00:31:15.853  6107-6237  ReflectedParamUpdater   com.vagabondbible.app                D  extent() != 1 for single value type: vendor.qti-ext-dec-info-misr.misr_info_first_field.misr_opb_luma
2026-01-15 00:31:15.853  6107-6237  ReflectedParamUpdater   com.vagabondbible.app                D  extent() != 1 for single value type: vendor.qti-ext-dec-info-misr.misr_info_first_field.misr_opb_chroma
2026-01-15 00:31:15.853  6107-6237  ReflectedParamUpdater   com.vagabondbible.app                D  extent() != 1 for single value type: vendor.qti-ext-dec-info-misr.misr_info_second_field.misr_dpb_luma
2026-01-15 00:31:15.853  6107-6237  ReflectedParamUpdater   com.vagabondbible.app                D  extent() != 1 for single value type: vendor.qti-ext-dec-info-misr.misr_info_second_field.misr_dpb_chroma
2026-01-15 00:31:15.853  6107-6237  ReflectedParamUpdater   com.vagabondbible.app                D  extent() != 1 for single value type: vendor.qti-ext-dec-info-misr.misr_info_second_field.misr_opb_luma
2026-01-15 00:31:15.853  6107-6237  ReflectedParamUpdater   com.vagabondbible.app                D  extent() != 1 for single value type: vendor.qti-ext-dec-info-misr.misr_info_second_field.misr_opb_chroma
2026-01-15 00:31:15.855  6107-6237  ReflectedParamUpdater   com.vagabondbible.app                D  extent() != 1 for single value type: output.buffers.pool-ids.values
2026-01-15 00:31:15.855  6107-6237  CCodecConfig            com.vagabondbible.app                D  ignoring local param raw.size (0xd2001800) as it is already supported
2026-01-15 00:31:15.856  6107-6237  CCodecConfig            com.vagabondbible.app                D  ignoring local param default.color (0x5200180b) as it is already supported
2026-01-15 00:31:15.856  6107-6237  CCodecConfig            com.vagabondbible.app                D  ignoring local param raw.hdr-static-info (0xd200180a) as it is already supported
2026-01-15 00:31:15.856  6107-6237  CCodecConfig            com.vagabondbible.app                I  query failed after returning 17 values (BAD_INDEX)
2026-01-15 00:31:15.856  6107-6237  CCodecConfig            com.vagabondbible.app                D  c2 config diff is Dict {
                                                                                                      c2::i32 algo.priority.value = 0
                                                                                                      c2::float algo.rate.value = 30
                                                                                                      c2::u32 algo.secure-mode.value = 0
                                                                                                      c2::float coded.frame-rate.value = 30
                                                                                                      c2::u32 coded.pl.level = 0
                                                                                                      c2::u32 coded.pl.profile = 20484
                                                                                                      c2::u32 coded.vui.color.matrix = 255
                                                                                                      c2::u32 coded.vui.color.primaries = 0
                                                                                                      c2::u32 coded.vui.color.range = 0
                                                                                                      c2::u32 coded.vui.color.transfer = 255
                                                                                                      c2::u32 default.color.matrix = 0
                                                                                                      c2::u32 default.color.primaries = 0
                                                                                                      c2::u32 default.color.range = 0
                                                                                                      c2::u32 default.color.transfer = 0
                                                                                                      c2::u32 input.buffers.max-size.value = 7077888
                                                                                                      c2::u32 input.delay.value = 0
                                                                                                      string input.media-type.value = "video/avc"
                                                                                                      c2::u32 output.delay.value = 7
                                                                                                      string output.media-type.value = "video/raw"
                                                                                                      c2::u32 raw.color.matrix = 255
                                                                                                      c2::u32 raw.color.primaries = 0
                                                                                                      c2::u32 raw.color.range = 0
                                                                                                      c2::u32 raw.color.transfer = 255
                                                                                                      c2::float raw.hdr-static-info.mastering.blue.x = 0
                                                                                                      c2::float raw.hdr-static-info.mastering.blue.y = 0
                                                                                                      c2::float raw.hdr-static-info.mastering.gre
2026-01-15 00:31:15.856  6107-6237  ColorUtils              com.vagabondbible.app                W  expected specified color aspects (0:0:255:255)
2026-01-15 00:31:15.859  6107-6175  [Purchases] - ERROR     com.vagabondbible.app                E  The specified API Key is not recognized.
                                                                                                    Ensure that you are using the public app-specific API key, which should look like 'goog_1a2b3c4d5e6f7h' or 'amzn_1a2b3c4d5e6f7h'.
                                                                                                    See https://rev.cat/auth for more details.
2026-01-15 00:31:15.863  6107-6232  MediaCodec              com.vagabondbible.app                I  MediaCodec will operate in async mode
2026-01-15 00:31:15.867  6107-6232  MediaCodec              com.vagabondbible.app                D  flushMediametrics
2026-01-15 00:31:15.867  6107-6232  SurfaceUtils            com.vagabondbible.app                D  connecting to surface 0xb400007a43057330, reason connectToSurface
2026-01-15 00:31:15.867  6107-6232  MediaCodec              com.vagabondbible.app                I  [c2.qti.avc.decoder] setting surface generation to 6253569
2026-01-15 00:31:15.867  6107-6232  SurfaceUtils            com.vagabondbible.app                D  disconnecting from surface 0xb400007a43057330, reason connectToSurface(reconnect)
2026-01-15 00:31:15.867  6107-6232  SurfaceUtils            com.vagabondbible.app                D  connecting to surface 0xb400007a43057330, reason connectToSurface(reconnect)
2026-01-15 00:31:15.867  6107-6237  CCodec                  com.vagabondbible.app                D  [c2.qti.avc.decoder] buffers are bound to CCodec for this session
2026-01-15 00:31:15.868  6107-6237  CCodecConfig            com.vagabondbible.app                D  no c2 equivalents for csd-1
2026-01-15 00:31:15.868  6107-6237  CCodecConfig            com.vagabondbible.app                D  no c2 equivalents for native-window
2026-01-15 00:31:15.868  6107-6237  CCodecConfig            com.vagabondbible.app                D  no c2 equivalents for flags
2026-01-15 00:31:15.869  6107-6237  CCodecConfig            com.vagabondbible.app                D  c2 config diff is   c2::u32 input.buffers.max-size.value = 3133440
                                                                                                      c2::u32 raw.max-size.height = 1920
                                                                                                      c2::u32 raw.max-size.width = 1080
                                                                                                      c2::u32 raw.size.height = 1920
                                                                                                      c2::u32 raw.size.width = 1080
2026-01-15 00:31:15.870  6107-6237  Codec2Client            com.vagabondbible.app                W  query -- param skipped: index = 1107298332.
2026-01-15 00:31:15.870  6107-6237  CCodec                  com.vagabondbible.app                D  client requested max input size 1566720, which is smaller than what component recommended (3133440); overriding with component recommendation.
2026-01-15 00:31:15.870  6107-6237  CCodec                  com.vagabondbible.app                W  This behavior is subject to change. It is recommended that app developers double check whether the requested max input size is in reasonable range.
2026-01-15 00:31:15.870  6107-6237  CCodec                  com.vagabondbible.app                D  encoding statistics level = 0
2026-01-15 00:31:15.870  6107-6237  CCodec                  com.vagabondbible.app                D  setup formats input: AMessage(what = 0x00000000) = {
                                                                                                      int32_t feature-secure-playback = 0
                                                                                                      int32_t frame-rate = 30
                                                                                                      int32_t height = 1920
                                                                                                      int32_t max-input-size = 3133440
                                                                                                      string mime = "video/avc"
                                                                                                      int32_t priority = 0
                                                                                                      int32_t profile = 8
                                                                                                      int32_t width = 1080
                                                                                                      Rect crop(0, 0, 1079, 1919)
                                                                                                    }
2026-01-15 00:31:15.870  6107-6237  CCodec                  com.vagabondbible.app                D  setup formats output: AMessage(what = 0x00000000) = {
                                                                                                      int32_t android._color-format = 0
                                                                                                      int32_t android._video-scaling = 1
                                                                                                      int32_t android._dataspace = 260
                                                                                                      int32_t color-standard = 130817
                                                                                                      int32_t color-range = 2
                                                                                                      int32_t color-transfer = 65791
                                                                                                      int32_t sar-height = 1
                                                                                                      int32_t rotation-degrees = 0
                                                                                                      Buffer hdr-static-info = {
                                                                                                        00000000:  00 00 00 00 00 00 00 00  00 00 00 00 00 00 00 00  ................
                                                                                                        00000010:  00 00 00 00 00 00 00 00  00                       .........
                                                                                                      }
                                                                                                      int32_t sar-width = 1
                                                                                                      Rect crop(0, 0, 1079, 1919)
                                                                                                      int32_t width = 1080
                                                                                                      int32_t feature-secure-playback = 0
                                                                                                      int32_t frame-rate = 30
                                                                                                      int32_t height = 1920
                                                                                                      int32_t max-height = 1920
                                                                                                      int32_t max-width = 1080
                                                                                                      string mime = "video/raw"
                                                                                                      int32_t priority = 0
                                                                                                      int32_t color-format = 2130708361
                                                                                                    }
2026-01-15 00:31:15.870  6107-6237  CCodecConfig            com.vagabondbible.app                I  query failed after returning 17 values (BAD_INDEX)
2026-01-15 00:31:15.871  6107-6147  MediaCodec              com.vagabondbible.app                D  keep callback message for reclaim
2026-01-15 00:31:15.882  6107-6237  Codec2Client            com.vagabondbible.app                W  query -- param skipped: index = 1342179345.
2026-01-15 00:31:15.882  6107-6237  Codec2Client            com.vagabondbible.app                W  query -- param skipped: index = 2415921170.
2026-01-15 00:31:15.882  6107-6237  Codec2Client            com.vagabondbible.app                W  query -- param skipped: index = 1610614798.
2026-01-15 00:31:15.882  6107-6237  CCodecBufferChannel     com.vagabondbible.app                D  [c2.qti.avc.decoder#278] Query input allocators returned 0 params => BAD_INDEX (6)
2026-01-15 00:31:15.882  6107-6237  C2Store                 com.vagabondbible.app                D  debug.c2.use_dmabufheaps set, forcing DMABUF Heaps
2026-01-15 00:31:15.882  6107-6237  C2Store                 com.vagabondbible.app                D  Using DMABUF Heaps
2026-01-15 00:31:15.882  6107-6237  CCodecBufferChannel     com.vagabondbible.app                D  [c2.qti.avc.decoder#278] Created input block pool with allocatorID 16 => poolID 17 - OK (0)
2026-01-15 00:31:15.882  6107-6237  CCodecBufferChannel     com.vagabondbible.app                D  [c2.qti.avc.decoder#278] start: max output delay 18
2026-01-15 00:31:15.882  6107-6237  CCodecBufferChannel     com.vagabondbible.app                D  [c2.qti.avc.decoder#278] Query output allocators returned 0 params => BAD_INDEX (6)
2026-01-15 00:31:15.882  6107-6237  CCodecBufferChannel     com.vagabondbible.app                D  [c2.qti.avc.decoder#278] Query output surface allocator returned 0 params => BAD_INDEX (6)
2026-01-15 00:31:15.883  6107-6237  CCodecBufferChannel     com.vagabondbible.app                I  [c2.qti.avc.decoder#278] Created output block pool with allocatorID 18 => poolID 132 - OK
2026-01-15 00:31:15.883  6107-6237  CCodecBufferChannel     com.vagabondbible.app                D  [c2.qti.avc.decoder#278] Configured output block pool ids 132 => OK
2026-01-15 00:31:15.883  6107-6237  Codec2-Out...ufferQueue com.vagabondbible.app                D  remote graphic buffer migration 0/0
2026-01-15 00:31:15.883  6107-6237  Codec2Client            com.vagabondbible.app                D  setOutputSurface -- failed to set consumer usage (6/BAD_INDEX)
2026-01-15 00:31:15.883  6107-6237  Codec2Client            com.vagabondbible.app                D  setOutputSurface -- generation=6253569 consumer usage=0x900
2026-01-15 00:31:15.883  6107-6237  qdgralloc               com.vagabondbible.app                D  Falling back to default YUV format - no camera/video specific format defined, usage 0x100
