2026-01-14 20:17:00.474 11123-11235 CCodecBufferChannel     com.vagabondbible.app                D  [c2.goldfish.h264.decoder#266] Ignoring stale input buffer done callback: last flush index = 0, frameIndex = 0
2026-01-14 20:17:00.602 11123-11239 CCodecConfig            com.vagabondbible.app                D  c2 config diff is   c2::u32 raw.crop.height = 1080
                                                                                                      c2::u32 raw.crop.left = 0
                                                                                                      c2::u32 raw.crop.top = 0
                                                                                                      c2::u32 raw.crop.width = 1920
2026-01-14 20:17:00.607 11123-11123 Capacitor/Console       com.vagabondbible.app                I  File: https://localhost/assets/index-BL7bI6xN.js - Line 2343 - Msg: [IntroAnimation] Manual play succeeded
2026-01-14 20:17:00.767 11123-11129 gabondbible.app         com.vagabondbible.app                I  Compiler allocated 5087KB to compile void android.view.ViewRootImpl.performTraversals()
2026-01-14 20:17:00.983 11123-11183 [Purchases] - DEBUG     com.vagabondbible.app                D   Debug logging enabled
2026-01-14 20:17:00.984 11123-11183 [Purchases] - DEBUG     com.vagabondbible.app                D   SDK Version - 9.18.0
2026-01-14 20:17:00.984 11123-11183 [Purchases] - DEBUG     com.vagabondbible.app                D   Package name - com.vagabondbible.app
2026-01-14 20:17:00.984 11123-11183 [Purchases] - DEBUG     com.vagabondbible.app                D   Initial App User ID - null
2026-01-14 20:17:00.984 11123-11183 [Purchases] - DEBUG     com.vagabondbible.app                D   Purchases configured with response verification: INFORMATIONAL
2026-01-14 20:17:01.125 11123-11162 Capacitor               com.vagabondbible.app                D  Handling local request: https://localhost/android-chrome-512x512.png
2026-01-14 20:17:01.127 11123-11163 Capacitor               com.vagabondbible.app                D  Handling local request: https://localhost/android-chrome-192x192.png
2026-01-14 20:17:01.130 11123-11162 Capacitor               com.vagabondbible.app                D  Handling local request: https://localhost/favicon-16x16.png
2026-01-14 20:17:01.130 11123-11183 [Purchases] - DEBUG     com.vagabondbible.app                D   Identifying App User ID: $RCAnonymousID:b99003c05b824a4e9674605a3812bf3a
2026-01-14 20:17:01.132 11123-11183 [Purchases] - DEBUG     com.vagabondbible.app                D   Deleting old synced subscriber attributes that don't belong to $RCAnonymousID:b99003c05b824a4e9674605a3812bf3a
2026-01-14 20:17:01.140 11123-11162 Capacitor               com.vagabondbible.app                D  Handling local request: https://localhost/favicon-32x32.png
2026-01-14 20:17:01.209 11123-11183 [Purchases] - DEBUG     com.vagabondbible.app                D   Listener set
2026-01-14 20:17:01.211 11123-11183 [Purchases] - DEBUG     com.vagabondbible.app                D   Sending latest CustomerInfo to listener.
2026-01-14 20:17:01.212 11123-11183 Capacitor/AppPlugin     com.vagabondbible.app                D  Firing restored result
2026-01-14 20:17:01.212 11123-11183 Capacitor/AppPlugin     com.vagabondbible.app                V  Notifying listeners for event appRestoredResult
2026-01-14 20:17:01.212 11123-11183 Capacitor/AppPlugin     com.vagabondbible.app                D  No listeners found for event appRestoredResult
2026-01-14 20:17:01.216 11123-11183 [Purchases] - DEBUG     com.vagabondbible.app                D  Retrieving customer info with policy: CACHED_OR_FETCHED
2026-01-14 20:17:01.217 11123-11183 [Purchases] - DEBUG     com.vagabondbible.app                D   Vending CustomerInfo from cache.
2026-01-14 20:17:01.218 11123-11183 [Purchases] - DEBUG     com.vagabondbible.app                D   Checking if cache is stale AppInBackground true
2026-01-14 20:17:01.282 11123-11123 [Purchases] - DEBUG     com.vagabondbible.app                D   Starting connection for com.android.billingclient.api.BillingClientImpl@d148191
2026-01-14 20:17:01.316 11123-11123 [Purchases] - DEBUG     com.vagabondbible.app                D   App foregrounded
2026-01-14 20:17:01.320 11123-11245 [Purchases] - DEBUG     com.vagabondbible.app                D   CustomerInfo cache is stale, updating from network in foreground.
2026-01-14 20:17:01.320 11123-11245 [Purchases] - DEBUG     com.vagabondbible.app                D  Retrieving customer info with policy: FETCH_CURRENT
2026-01-14 20:17:01.324 11123-11245 [Purchases] - DEBUG     com.vagabondbible.app                D   Updating pending purchase queue
2026-01-14 20:17:01.335 11123-11245 [Purchases] - DEBUG     com.vagabondbible.app                D   Offerings cache is stale, updating from network in foreground
2026-01-14 20:17:01.335 11123-11245 [Purchases] - DEBUG     com.vagabondbible.app                D   Start Offerings update from network.
2026-01-14 20:17:01.346 11123-11247 [Purchases] - DEBUG     com.vagabondbible.app                D   Querying purchases
2026-01-14 20:17:01.347 11123-11245 [Purchases] - DEBUG     com.vagabondbible.app                D  Request already scheduled with jitter delay, adding existing callbacks to unjittered request with key: BackgroundAwareCallbackCacheKey(cacheKey=[/v1/subscribers/%24RCAnonymousID%3Ab99003c05b824a4e9674605a3812bf3a/offerings], appInBackground=false)
2026-01-14 20:17:01.347 11123-11245 [Purchases] - DEBUG     com.vagabondbible.app                D   Updating pending purchase queue
2026-01-14 20:17:01.348 11123-11245 [Purchases] - DEBUG     com.vagabondbible.app                D   No subscriber attributes to synchronize.
2026-01-14 20:17:01.383 11123-11247 [Purchases] - DEBUG     com.vagabondbible.app                D  Getting storefront from cache was null.
2026-01-14 20:17:01.417 11123-11123 [Purchases] - DEBUG     com.vagabondbible.app                D   Starting connection for com.android.billingclient.api.BillingClientImpl@d148191
2026-01-14 20:17:01.417 11123-11123 BillingClient           com.vagabondbible.app                W  Client is already in the process of connecting to billing service.
2026-01-14 20:17:01.445 11123-11247 CapacitorCookies        com.vagabondbible.app                I  Getting cookies at: 'https://api.revenuecat.com/v1/subscribers/%24RCAnonymousID%3Ab99003c05b824a4e9674605a3812bf3a/offerings'
2026-01-14 20:17:01.499 11123-11123 Capacitor/Console       com.vagabondbible.app                I  File:  - Line 333 - Msg: {"customerInfo":{"entitlements":{"all":{},"active":{},"verification":"VERIFIED"},"activeSubscriptions":[],"allPurchasedProductIdentifiers":[],"latestExpirationDate":null,"latestExpirationDateMillis":null,"firstSeen":"2026-01-14T22:20:20.000Z","firstSeenMillis":1768429220000,"originalAppUserId":"$RCAnonymousID:b99003c05b824a4e9674605a3812bf3a","requestDate":"2026-01-15T01:15:57.716Z","requestDateMillis":1768439757716,"allExpirationDates":{},"allExpirationDatesMillis":{},"allPurchaseDates":{},"allPurchaseDatesMillis":{},"originalApplicationVersion":null,"managementURL":null,"originalPurchaseDate":null,"originalPurchaseDateMillis":null,"nonSubscriptionTransactions":[],"subscriptionsByProductIdentifier":{}}}
2026-01-14 20:17:01.701 11123-11247 [Purchases] - DEBUG     com.vagabondbible.app                D  API request started: GET /v1/subscribers/%24RCAnonymousID%3Ab99003c05b824a4e9674605a3812bf3a/offerings
2026-01-14 20:17:01.703 11123-11247 [Purchases] - DEBUG     com.vagabondbible.app                D  API request completed with status: GET /v1/subscribers/%24RCAnonymousID%3Ab99003c05b824a4e9674605a3812bf3a/offerings 304
2026-01-14 20:17:01.750 11123-11254 BillingClient           com.vagabondbible.app                W  In-app billing API version 3 is not supported on this device.
2026-01-14 20:17:01.793 11123-11123 [Purchases] - ERROR     com.vagabondbible.app                E   PurchasesError(code=PurchaseNotAllowedError, underlyingErrorMessage=Billing is not available in this device. DebugMessage: Billing service unavailable on device.. ErrorCode: BILLING_UNAVAILABLE. SubResponseCode: NO_APPLICABLE_SUB_RESPONSE_CODE., message='The device or user is not allowed to make the purchase.')
2026-01-14 20:17:01.795 11123-11123 [Purchases] - ERROR     com.vagabondbible.app                E   PurchasesError(code=PurchaseNotAllowedError, underlyingErrorMessage=Billing is not available in this device. DebugMessage: Billing service unavailable on device.. ErrorCode: BILLING_UNAVAILABLE. SubResponseCode: NO_APPLICABLE_SUB_RESPONSE_CODE., message='The device or user is not allowed to make the purchase.')
2026-01-14 20:17:01.798 11123-11123 [Purchases] - DEBUG     com.vagabondbible.app                D  Request already scheduled with jitter delay, adding existing callbacks to unjittered request with key: BackgroundAwareCallbackCacheKey(cacheKey=[/v1/subscribers/%24RCAnonymousID%3Ab99003c05b824a4e9674605a3812bf3a], appInBackground=false)
2026-01-14 20:17:02.136 11123-11123 Capacitor/Console       com.vagabondbible.app                I  File: https://localhost/assets/index-BL7bI6xN.js - Line 2343 - Msg: [IntroAnimation] Video ended
2026-01-14 20:17:02.136 11123-11123 Capacitor/Console       com.vagabondbible.app                I  File: https://localhost/assets/index-BL7bI6xN.js - Line 2343 - Msg: [IntroAnimation] Mounted, isNative: true video src: /assets/splash-intro-DqaDiT6c.mp4
2026-01-14 20:17:02.449 11123-11123 Capacitor/Console       com.vagabondbible.app                I  File: https://localhost/assets/index-BL7bI6xN.js - Line 2343 - Msg: [useIntroAnimation] completeIntro called
2026-01-14 20:17:02.450 11123-11123 Capacitor/Console       com.vagabondbible.app                I  File:  - Line 349 - Msg: [object Object]
2026-01-14 20:17:02.464 11123-11123 Capacitor/Plugin        com.vagabondbible.app                V  To native (Capacitor plugin): callbackId: 86990400, pluginId: SplashScreen, methodName: hide
2026-01-14 20:17:02.465 11123-11123 Capacitor               com.vagabondbible.app                V  callback: 86990400, pluginId: SplashScreen, methodName: hide, methodData: {"fadeOutDuration":200}
2026-01-14 20:17:02.498 11123-11123 Capacitor/Console       com.vagabondbible.app                I  File:  - Line 333 - Msg: undefined
2026-01-14 20:17:02.745 11123-11247 [Purchases] - DEBUG     com.vagabondbible.app                D   Requesting products from the store with identifiers: vagabond_bible_pro_monthly
2026-01-14 20:17:02.749 11123-11247 [Purchases] - DEBUG     com.vagabondbible.app                D   Querying purchases
2026-01-14 20:17:02.750 11123-11123 [Purchases] - DEBUG     com.vagabondbible.app                D   Starting connection for com.android.billingclient.api.BillingClientImpl@d148191
2026-01-14 20:17:02.759 11123-11247 [Purchases] - DEBUG     com.vagabondbible.app                D  Getting storefront from cache was null.
2026-01-14 20:17:02.759 11123-11123 [Purchases] - DEBUG     com.vagabondbible.app                D   Starting connection for com.android.billingclient.api.BillingClientImpl@d148191
2026-01-14 20:17:02.759 11123-11123 BillingClient           com.vagabondbible.app                W  Client is already in the process of connecting to billing service.
2026-01-14 20:17:02.759 11123-11247 CapacitorCookies        com.vagabondbible.app                I  Getting cookies at: 'https://api.revenuecat.com/v1/subscribers/%24RCAnonymousID%3Ab99003c05b824a4e9674605a3812bf3a'
2026-01-14 20:17:02.811 11123-11247 [Purchases] - DEBUG     com.vagabondbible.app                D  API request started: GET /v1/subscribers/%24RCAnonymousID%3Ab99003c05b824a4e9674605a3812bf3a
2026-01-14 20:17:02.811 11123-11247 [Purchases] - DEBUG     com.vagabondbible.app                D  API request completed with status: GET /v1/subscribers/%24RCAnonymousID%3Ab99003c05b824a4e9674605a3812bf3a 304
2026-01-14 20:17:02.822 11123-11257 BillingClient           com.vagabondbible.app                W  In-app billing API version 3 is not supported on this device.
2026-01-14 20:17:02.823 11123-11123 [Purchases] - ERROR     com.vagabondbible.app                E   PurchasesError(code=PurchaseNotAllowedError, underlyingErrorMessage=Billing is not available in this device. DebugMessage: Billing service unavailable on device.. ErrorCode: BILLING_UNAVAILABLE. SubResponseCode: NO_APPLICABLE_SUB_RESPONSE_CODE., message='The device or user is not allowed to make the purchase.')
2026-01-14 20:17:02.823 11123-11123 [Purchases] - ERROR     com.vagabondbible.app                E   Error fetching offerings - PurchasesError(code=PurchaseNotAllowedError, underlyingErrorMessage=Billing is not available in this device. DebugMessage: Billing service unavailable on device.. ErrorCode: BILLING_UNAVAILABLE. SubResponseCode: NO_APPLICABLE_SUB_RESPONSE_CODE., message='The device or user is not allowed to make the purchase.')
2026-01-14 20:17:02.823 11123-11123 [Purchases] - ERROR     com.vagabondbible.app                E   PurchasesError(code=PurchaseNotAllowedError, underlyingErrorMessage=Billing is not available in this device. DebugMessage: Billing service unavailable on device.. ErrorCode: BILLING_UNAVAILABLE. SubResponseCode: NO_APPLICABLE_SUB_RESPONSE_CODE., message='The device or user is not allowed to make the purchase.')
2026-01-14 20:17:02.846 11123-11247 [Purchases] - DEBUG     com.vagabondbible.app                D   CustomerInfo updated from network.
2026-01-14 20:17:03.616 11123-11161 Capacitor               com.vagabondbible.app                D  Handling local request: https://localhost/assets/vagabond-logo-C9q_FyPk.png
2026-01-14 20:17:03.618 11123-11162 Capacitor               com.vagabondbible.app                D  Handling local request: https://localhost/assets/index-BOx5D5c5.js
2026-01-14 20:17:03.639 11123-11161 Capacitor               com.vagabondbible.app                D  Handling local request: https://localhost/android-chrome-512x512.png
2026-01-14 20:17:03.646 11123-11161 Capacitor               com.vagabondbible.app                D  Handling local request: https://localhost/android-chrome-192x192.png
2026-01-14 20:17:03.651 11123-11161 Capacitor               com.vagabondbible.app                D  Handling local request: https://localhost/favicon-16x16.png
2026-01-14 20:17:03.653 11123-11162 Capacitor               com.vagabondbible.app                D  Handling local request: https://localhost/favicon-32x32.png
2026-01-14 20:17:03.690 11123-11123 Capacitor/Console       com.vagabondbible.app                E  File: https://localhost/assets/index-BL7bI6xN.js - Line 48 - Msg: Uncaught (in promise) Error: "FirebaseAuthentication" plugin is not implemented on android
2026-01-14 20:17:04.017 11123-11258 ProfileInstaller        com.vagabondbible.app                D  Installing profile for com.vagabondbible.app
2026-01-14 20:17:05.116 11123-11123 Capacitor/Console       com.vagabondbible.app                I  File: https://localhost/assets/index-BL7bI6xN.js - Line 2262 - Msg: Firebase auth timeout - falling back to session check
2026-01-14 20:17:05.118 11123-11161 Capacitor               com.vagabondbible.app                D  Handling CapacitorHttp request: https://localhost/_capacitor_http_interceptor_?u=https%3A%2F%2Fvagabondbible.com%2Fapi%2Fauth%2Fuser
2026-01-14 20:17:05.122 11123-11161 CapacitorCookies        com.vagabondbible.app                I  Getting cookies at: 'https://vagabondbible.com/api/auth/user'
2026-01-14 20:17:05.358 11123-11161 Capacitor               com.vagabondbible.app                D  Handling local request: https://localhost/android-chrome-512x512.png
2026-01-14 20:17:05.359 11123-11161 Capacitor               com.vagabondbible.app                D  Handling local request: https://localhost/android-chrome-192x192.png
2026-01-14 20:17:05.359 11123-11162 Capacitor               com.vagabondbible.app                D  Handling local request: https://localhost/favicon-16x16.png
2026-01-14 20:17:05.360 11123-11162 Capacitor               com.vagabondbible.app                D  Handling local request: https://localhost/favicon-32x32.png
2026-01-14 20:17:05.365 11123-11123 Capacitor/Console       com.vagabondbible.app                I  File: https://localhost/assets/index-BL7bI6xN.js - Line 2343 - Msg: [LOGIN] Auth state changed - isLoading: true isAuthenticated: false isInSafariSheet: false isInNativeApp: true
2026-01-14 20:17:05.366 11123-11123 Capacitor/Console       com.vagabondbible.app                E  File: https://localhost/assets/index-BL7bI6xN.js - Line 48 - Msg: Uncaught (in promise) Error: "FirebaseAuthentication" plugin is not implemented on android
2026-01-14 20:17:05.366 11123-11123 Capacitor/Console       com.vagabondbible.app                E  File: https://localhost/assets/index-BL7bI6xN.js - Line 48 - Msg: Uncaught (in promise) Error: "FirebaseAuthentication" plugin is not implemented on android
2026-01-14 20:17:06.175 11123-11234 BufferPoolAccessor2.0   com.vagabondbible.app                D  bufferpool2 0x73c91e0340f8 : 5(31457280 size) total buffers - 2(12582912 size) used buffers - 90/95 (recycle/alloc) - 5/92 (fetch/transfer)
2026-01-14 20:17:06.175 11123-11234 BufferPoolAccessor2.0   com.vagabondbible.app                D  evictor expired: 1, evicted: 1
2026-01-14 20:17:06.866 11123-11123 Capacitor/Console       com.vagabondbible.app                I  File: https://localhost/assets/index-BL7bI6xN.js - Line 2262 - Msg: Firebase auth timeout - falling back to session check
2026-01-14 20:17:06.868 11123-11161 Capacitor               com.vagabondbible.app                D  Handling local request: https://localhost/assets/White_Logo_Big_1767755759050-lc-FDA9Z.png
2026-01-14 20:17:06.883 11123-11123 Capacitor/Console       com.vagabondbible.app                I  File: https://localhost/assets/index-BL7bI6xN.js - Line 2343 - Msg: [LOGIN] Auth state changed - isLoading: false isAuthenticated: false isInSafariSheet: false isInNativeApp: true
2026-01-14 20:17:09.178 11123-11234 BufferPoolAccessor2.0   com.vagabondbible.app                D  bufferpool2 0x73c91e0319a8 : 5(31457280 size) total buffers - 4(25165824 size) used buffers - 71/76 (recycle/alloc) - 5/72 (fetch/transfer)
2026-01-14 20:17:09.178 11123-11234 BufferPoolAccessor2.0   com.vagabondbible.app                D  evictor expired: 1, evicted: 1
2026-01-14 20:17:09.408 11123-11123 AutofillManager         com.vagabondbible.app                I  showAutofillDialog() return false due to improve fill dialog
2026-01-14 20:17:09.432 11123-11123 ImeTracker              com.vagabondbible.app                I  com.vagabondbible.app:abbfef17: onRequestShow at ORIGIN_CLIENT reason SHOW_SOFT_INPUT fromUser false
2026-01-14 20:17:09.434 11123-11123 InsetsController        com.vagabondbible.app                D  show(ime())
2026-01-14 20:17:09.434 11123-11123 InsetsController        com.vagabondbible.app                D  Setting requestedVisibleTypes to 511 (was 503)
2026-01-14 20:17:09.453 11123-11123 AssistStructure         com.vagabondbible.app                I  Flattened final assist data: 2892 bytes, containing 1 windows, 6 views
2026-01-14 20:17:09.633 11123-11130 gabondbible.app         com.vagabondbible.app                W  userfaultfd: MOVE ioctl seems unsupported: Try again
2026-01-14 20:17:09.677 11123-11130 gabondbible.app         com.vagabondbible.app                I  Background concurrent mark compact GC freed 13MB AllocSpace bytes, 46(1672KB) LOS objects, 49% free, 5488KB/10MB, paused 3.084ms,25.518ms total 268.624ms
2026-01-14 20:17:10.045 11123-11123 WindowOnBackDispatcher  com.vagabondbible.app                D  setTopOnBackInvokedCallback (unwrapped): android.view.ImeBackAnimationController@2d4c18f
2026-01-14 20:17:10.273 11123-11281 InteractionJankMonitor  com.vagabondbible.app                W  Initializing without READ_DEVICE_CONFIG permission. enabled=false, interval=1, missedFrameThreshold=3, frameTimeThreshold=64, package=com.vagabondbible.app
2026-01-14 20:17:10.484 11123-11123 ImeTracker              com.vagabondbible.app                I  com.vagabondbible.app:abbfef17: onShown
2026-01-14 20:17:18.334 11123-11123 ImeTracker              com.vagabondbible.app                I  com.vagabondbible.app:d1c88472: onRequestShow at ORIGIN_CLIENT reason SHOW_SOFT_INPUT fromUser false
2026-01-14 20:17:18.334 11123-11123 InsetsController        com.vagabondbible.app                D  show(ime())
2026-01-14 20:17:18.334 11123-11123 ImeTracker              com.vagabondbible.app                I  com.vagabondbible.app:d1c88472: onCancelled at PHASE_CLIENT_APPLY_ANIMATION
2026-01-14 20:17:18.338 11123-11123 AssistStructure         com.vagabondbible.app                I  Flattened final assist data: 2916 bytes, containing 1 windows, 6 views
2026-01-14 20:17:18.660 11123-11161 cr_MediaCodecBridge     com.vagabondbible.app                W  Releasing: c2.goldfish.h264.decoder
2026-01-14 20:17:18.661 11123-11228 SurfaceUtils            com.vagabondbible.app                D  connecting to surface 0x73c75e0198d0, reason connectToSurface
2026-01-14 20:17:18.661 11123-11228 MediaCodec              com.vagabondbible.app                I  [c2.goldfish.h264.decoder] setting surface generation to 11389955
2026-01-14 20:17:18.661 11123-11228 SurfaceUtils            com.vagabondbible.app                D  disconnecting from surface 0x73c75e0198d0, reason connectToSurface(reconnect)
2026-01-14 20:17:18.661 11123-11228 SurfaceUtils            com.vagabondbible.app                D  connecting to surface 0x73c75e0198c0, reason connectToSurface(reconnect-with-listener)
2026-01-14 20:17:18.664 11123-11228 Codec2-Out...ufferQueue com.vagabondbible.app                D  remote graphic buffer migration 0/0
2026-01-14 20:17:18.664 11123-11228 Codec2Client            com.vagabondbible.app                D  setOutputSurface -- failed to set consumer usage (6/BAD_INDEX)
2026-01-14 20:17:18.664 11123-11228 Codec2Client            com.vagabondbible.app                D  setOutputSurface -- generation=11389955 consumer usage=0x900
2026-01-14 20:17:18.679 11123-11228 Codec2Client            com.vagabondbible.app                D  Surface configure completed
2026-01-14 20:17:18.679 11123-11228 SurfaceUtils            com.vagabondbible.app                D  disconnecting from surface 0x73c75e028d70, reason disconnectFromSurface
2026-01-14 20:17:18.682 11123-11228 CCodecBufferChannel     com.vagabondbible.app                D  [c2.goldfish.h264.decoder#850] MediaCodec discarded an unknown buffer
2026-01-14 20:17:18.682 11123-11228 CCodecBufferChannel     com.vagabondbible.app                D  [c2.goldfish.h264.decoder#850] MediaCodec discarded an unknown buffer
2026-01-14 20:17:18.683 11123-11161 cr_MediaCodecBridge     com.vagabondbible.app                W  Codec released
2026-01-14 20:17:18.730 11123-11161 cr_MediaCodecBridge     com.vagabondbible.app                W  Releasing: c2.goldfish.h264.decoder
2026-01-14 20:17:18.732 11123-11238 SurfaceUtils            com.vagabondbible.app                D  connecting to surface 0x73c75e02ada0, reason connectToSurface
2026-01-14 20:17:18.732 11123-11238 MediaCodec              com.vagabondbible.app                I  [c2.goldfish.h264.decoder] setting surface generation to 11389956
2026-01-14 20:17:18.733 11123-11238 SurfaceUtils            com.vagabondbible.app                D  disconnecting from surface 0x73c75e02ada0, reason connectToSurface(reconnect)
2026-01-14 20:17:18.734 11123-11238 SurfaceUtils            com.vagabondbible.app                D  connecting to surface 0x73c75e02ad90, reason connectToSurface(reconnect-with-listener)
2026-01-14 20:17:18.734 11123-11228 SurfaceUtils            com.vagabondbible.app                D  disconnecting from surface 0x73c75e0198d0, reason disconnectFromSurface
2026-01-14 20:17:18.734 11123-11230 hw-BpHwBinder           com.vagabondbible.app                I  onLastStrongRef automatically unlinking death recipients
2026-01-14 20:17:18.738 11123-11230 BufferPoolAccessor2.0   com.vagabondbible.app                D  bufferpool2 0x73c91e0340f8 : 0(0 size) total buffers - 0(0 size) used buffers - 90/95 (recycle/alloc) - 5/92 (fetch/transfer)
2026-01-14 20:17:18.741 11123-11238 Codec2-Out...ufferQueue com.vagabondbible.app                D  remote graphic buffer migration 0/0
2026-01-14 20:17:18.741 11123-11238 Codec2Client            com.vagabondbible.app                D  setOutputSurface -- failed to set consumer usage (6/BAD_INDEX)
2026-01-14 20:17:18.741 11123-11238 Codec2Client            com.vagabondbible.app                D  setOutputSurface -- generation=11389956 consumer usage=0x900
2026-01-14 20:17:18.765 11123-11238 Codec2Client            com.vagabondbible.app                D  Surface configure completed
2026-01-14 20:17:18.765 11123-11238 SurfaceUtils            com.vagabondbible.app                D  disconnecting from surface 0x73c75e02b410, reason disconnectFromSurface
2026-01-14 20:17:18.771 11123-11238 CCodecBufferChannel     com.vagabondbible.app                D  [c2.goldfish.h264.decoder#266] MediaCodec discarded an unknown buffer
2026-01-14 20:17:18.772 11123-11238 CCodecBufferChannel     com.vagabondbible.app                D  [c2.goldfish.h264.decoder#266] MediaCodec discarded an unknown buffer
2026-01-14 20:17:18.772 11123-11238 CCodecBufferChannel     com.vagabondbible.app                D  [c2.goldfish.h264.decoder#266] MediaCodec discarded an unknown buffer
2026-01-14 20:17:18.773 11123-11238 CCodecBufferChannel     com.vagabondbible.app                D  [c2.goldfish.h264.decoder#266] MediaCodec discarded an unknown buffer
2026-01-14 20:17:18.774 11123-11161 cr_MediaCodecBridge     com.vagabondbible.app                W  Codec released
2026-01-14 20:17:18.823 11123-11238 SurfaceUtils            com.vagabondbible.app                D  disconnecting from surface 0x73c75e02ada0, reason disconnectFromSurface
2026-01-14 20:17:18.824 11123-11288 hw-BpHwBinder           com.vagabondbible.app                I  onLastStrongRef automatically unlinking death recipients
2026-01-14 20:17:18.824 11123-11239 BufferPoolAccessor2.0   com.vagabondbible.app                D  bufferpool2 0x73c91e0319a8 : 0(0 size) total buffers - 0(0 size) used buffers - 71/76 (recycle/alloc) - 5/72 (fetch/transfer)
2026-01-14 20:17:21.948 11123-11123 Capacitor/Console       com.vagabondbible.app                I  File: https://localhost/assets/index-BL7bI6xN.js - Line 2343 - Msg: [LOGIN DEBUG] Starting email sign in...
2026-01-14 20:17:21.948 11123-11123 Capacitor/Console       com.vagabondbible.app                I  File: https://localhost/assets/index-BL7bI6xN.js - Line 2343 - Msg: [LOGIN DEBUG] Calling signInWithEmail...
2026-01-14 20:17:21.954 11123-11123 Capacitor/Console       com.vagabondbible.app                I  File: https://localhost/assets/index-BL7bI6xN.js - Line 1922 - Msg: [NATIVE AUTH] Starting email sign-in with native SDK...
2026-01-14 20:17:21.955 11123-11123 Capacitor/Console       com.vagabondbible.app                E  File: https://localhost/assets/index-BL7bI6xN.js - Line 1922 - Msg: [NATIVE AUTH] Email sign-in FAILED: Error: "FirebaseAuthentication" plugin is not implemented on android
2026-01-14 20:17:21.955 11123-11123 Capacitor/Console       com.vagabondbible.app                E  File: https://localhost/assets/index-BL7bI6xN.js - Line 2343 - Msg: [LOGIN DEBUG] Sign in FAILED: Error: "FirebaseAuthentication" plugin is not implemented on android
2026-01-14 20:17:21.955 11123-11123 Capacitor/Console       com.vagabondbible.app                E  File: https://localhost/assets/index-BL7bI6xN.js - Line 2343 - Msg: [LOGIN DEBUG] Error code: UNIMPLEMENTED
2026-01-14 20:17:21.956 11123-11123 Capacitor/Console       com.vagabondbible.app                E  File: https://localhost/assets/index-BL7bI6xN.js - Line 2343 - Msg: [LOGIN DEBUG] Error message: "FirebaseAuthentication" plugin is not implemented on android
2026-01-14 20:17:21.956 11123-11123 Capacitor/Console       com.vagabondbible.app                I  File: https://localhost/assets/index-BL7bI6xN.js - Line 2343 - Msg: [LOGIN DEBUG] Finally block - stopping spinner
2026-01-14 20:17:23.744 11123-11234 BufferPoolAccessor2.0   com.vagabondbible.app                D  bufferpool2 0x73c91e0340f8 : 0(0 size) total buffers - 0(0 size) used buffers - 90/95 (recycle/alloc) - 5/92 (fetch/transfer)
2026-01-14 20:17:23.744 11123-11234 BufferPoolAccessor2.0   com.vagabondbible.app                D  evictor expired: 1, evicted: 1
2026-01-14 20:17:24.745 11123-11234 BufferPoolAccessor2.0   com.vagabondbible.app                D  bufferpool2 0x73c91e0319a8 : 0(0 size) total buffers - 0(0 size) used buffers - 71/76 (recycle/alloc) - 5/72 (fetch/transfer)
2026-01-14 20:17:24.745 11123-11234 BufferPoolAccessor2.0   com.vagabondbible.app                D  evictor expired: 1, evicted: 1
2026-01-14 20:17:53.930 11123-11246 TRuntime.C...ortBackend com.vagabondbible.app                I  Making request to: https://firebaselogging.googleapis.com/v0cc/log/batch?format=json_proto3
2026-01-14 20:17:53.931 11123-11246 CapacitorCookies        com.vagabondbible.app                I  Getting cookies at: 'https://firebaselogging.googleapis.com/v0cc/log/batch?format=json_proto3'
2026-01-14 20:17:54.095 11123-11246 TRuntime.C...ortBackend com.vagabondbible.app                I  Status Code: 200
