2026-01-14 20:15:53.017 10836-10947 CCodecConfig            com.vagabondbible.app                D  c2 config diff is   c2::u32 raw.crop.height = 1080
                                                                                                      c2::u32 raw.crop.left = 0
                                                                                                      c2::u32 raw.crop.top = 0
                                                                                                      c2::u32 raw.crop.width = 1920
2026-01-14 20:15:53.225 10836-10900 [Purchases] - DEBUG     com.vagabondbible.app                D   Debug logging enabled
2026-01-14 20:15:53.225 10836-10900 [Purchases] - DEBUG     com.vagabondbible.app                D   SDK Version - 9.18.0
2026-01-14 20:15:53.225 10836-10900 [Purchases] - DEBUG     com.vagabondbible.app                D   Package name - com.vagabondbible.app
2026-01-14 20:15:53.226 10836-10900 [Purchases] - DEBUG     com.vagabondbible.app                D   Initial App User ID - null
2026-01-14 20:15:53.226 10836-10900 [Purchases] - DEBUG     com.vagabondbible.app                D   Purchases configured with response verification: INFORMATIONAL
2026-01-14 20:15:53.321 10836-10900 [Purchases] - DEBUG     com.vagabondbible.app                D   Identifying App User ID: $RCAnonymousID:b99003c05b824a4e9674605a3812bf3a
2026-01-14 20:15:53.322 10836-10900 [Purchases] - DEBUG     com.vagabondbible.app                D   Deleting old synced subscriber attributes that don't belong to $RCAnonymousID:b99003c05b824a4e9674605a3812bf3a
2026-01-14 20:15:53.354 10836-10879 Capacitor               com.vagabondbible.app                D  Handling local request: https://localhost/assets/splash-intro-DqaDiT6c.mp4
2026-01-14 20:15:53.357 10836-10900 [Purchases] - DEBUG     com.vagabondbible.app                D   Listener set
2026-01-14 20:15:53.376 10836-10900 [Purchases] - DEBUG     com.vagabondbible.app                D   Sending latest CustomerInfo to listener.
2026-01-14 20:15:53.376 10836-10900 Capacitor/AppPlugin     com.vagabondbible.app                D  Firing restored result
2026-01-14 20:15:53.377 10836-10900 Capacitor/AppPlugin     com.vagabondbible.app                V  Notifying listeners for event appRestoredResult
2026-01-14 20:15:53.377 10836-10900 Capacitor/AppPlugin     com.vagabondbible.app                D  No listeners found for event appRestoredResult
2026-01-14 20:15:53.398 10836-10900 [Purchases] - DEBUG     com.vagabondbible.app                D  Retrieving customer info with policy: CACHED_OR_FETCHED
2026-01-14 20:15:53.399 10836-10900 [Purchases] - DEBUG     com.vagabondbible.app                D   Vending CustomerInfo from cache.
2026-01-14 20:15:53.402 10836-10900 [Purchases] - DEBUG     com.vagabondbible.app                D   Checking if cache is stale AppInBackground true
2026-01-14 20:15:53.440 10836-10836 [Purchases] - DEBUG     com.vagabondbible.app                D   Starting connection for com.android.billingclient.api.BillingClientImpl@e11fcd2
2026-01-14 20:15:53.452 10836-10836 [Purchases] - DEBUG     com.vagabondbible.app                D   App foregrounded
2026-01-14 20:15:53.454 10836-10954 [Purchases] - DEBUG     com.vagabondbible.app                D   CustomerInfo cache is stale, updating from network in foreground.
2026-01-14 20:15:53.454 10836-10954 [Purchases] - DEBUG     com.vagabondbible.app                D  Retrieving customer info with policy: FETCH_CURRENT
2026-01-14 20:15:53.457 10836-10954 [Purchases] - DEBUG     com.vagabondbible.app                D   Updating pending purchase queue
2026-01-14 20:15:53.459 10836-10954 [Purchases] - DEBUG     com.vagabondbible.app                D   Offerings cache is stale, updating from network in foreground
2026-01-14 20:15:53.460 10836-10954 [Purchases] - DEBUG     com.vagabondbible.app                D   Start Offerings update from network.
2026-01-14 20:15:53.462 10836-10957 [Purchases] - DEBUG     com.vagabondbible.app                D   Querying purchases
2026-01-14 20:15:53.471 10836-10954 [Purchases] - DEBUG     com.vagabondbible.app                D  Request already scheduled with jitter delay, adding existing callbacks to unjittered request with key: BackgroundAwareCallbackCacheKey(cacheKey=[/v1/subscribers/%24RCAnonymousID%3Ab99003c05b824a4e9674605a3812bf3a/offerings], appInBackground=false)
2026-01-14 20:15:53.471 10836-10954 [Purchases] - DEBUG     com.vagabondbible.app                D   Updating pending purchase queue
2026-01-14 20:15:53.472 10836-10957 [Purchases] - DEBUG     com.vagabondbible.app                D  Getting storefront from cache was null.
2026-01-14 20:15:53.472 10836-10954 [Purchases] - DEBUG     com.vagabondbible.app                D   No subscriber attributes to synchronize.
2026-01-14 20:15:53.481 10836-10836 [Purchases] - DEBUG     com.vagabondbible.app                D   Starting connection for com.android.billingclient.api.BillingClientImpl@e11fcd2
2026-01-14 20:15:53.481 10836-10836 BillingClient           com.vagabondbible.app                W  Client is already in the process of connecting to billing service.
2026-01-14 20:15:53.525 10836-10957 CapacitorCookies        com.vagabondbible.app                I  Getting cookies at: 'https://api.revenuecat.com/v1/subscribers/%24RCAnonymousID%3Ab99003c05b824a4e9674605a3812bf3a/offerings'
2026-01-14 20:15:53.576 10836-10836 Capacitor/Console       com.vagabondbible.app                I  File:  - Line 333 - Msg: {"customerInfo":{"entitlements":{"all":{},"active":{},"verification":"VERIFIED"},"activeSubscriptions":[],"allPurchasedProductIdentifiers":[],"latestExpirationDate":null,"latestExpirationDateMillis":null,"firstSeen":"2026-01-14T22:20:20.000Z","firstSeenMillis":1768429220000,"originalAppUserId":"$RCAnonymousID:b99003c05b824a4e9674605a3812bf3a","requestDate":"2026-01-14T22:20:20.268Z","requestDateMillis":1768429220268,"allExpirationDates":{},"allExpirationDatesMillis":{},"allPurchaseDates":{},"allPurchaseDatesMillis":{},"originalApplicationVersion":null,"managementURL":null,"originalPurchaseDate":null,"originalPurchaseDateMillis":null,"nonSubscriptionTransactions":[],"subscriptionsByProductIdentifier":{}}}
2026-01-14 20:15:53.729 10836-10957 [Purchases] - DEBUG     com.vagabondbible.app                D  API request started: GET /v1/subscribers/%24RCAnonymousID%3Ab99003c05b824a4e9674605a3812bf3a/offerings
2026-01-14 20:15:53.731 10836-10957 [Purchases] - DEBUG     com.vagabondbible.app                D  API request completed with status: GET /v1/subscribers/%24RCAnonymousID%3Ab99003c05b824a4e9674605a3812bf3a/offerings 304
2026-01-14 20:15:53.760 10836-10965 BillingClient           com.vagabondbible.app                W  In-app billing API version 3 is not supported on this device.
2026-01-14 20:15:53.764 10836-10836 [Purchases] - ERROR     com.vagabondbible.app                E   PurchasesError(code=PurchaseNotAllowedError, underlyingErrorMessage=Billing is not available in this device. DebugMessage: Billing service unavailable on device.. ErrorCode: BILLING_UNAVAILABLE. SubResponseCode: NO_APPLICABLE_SUB_RESPONSE_CODE., message='The device or user is not allowed to make the purchase.')
2026-01-14 20:15:53.764 10836-10836 [Purchases] - ERROR     com.vagabondbible.app                E   PurchasesError(code=PurchaseNotAllowedError, underlyingErrorMessage=Billing is not available in this device. DebugMessage: Billing service unavailable on device.. ErrorCode: BILLING_UNAVAILABLE. SubResponseCode: NO_APPLICABLE_SUB_RESPONSE_CODE., message='The device or user is not allowed to make the purchase.')
2026-01-14 20:15:53.766 10836-10836 [Purchases] - DEBUG     com.vagabondbible.app                D  Request already scheduled with jitter delay, adding existing callbacks to unjittered request with key: BackgroundAwareCallbackCacheKey(cacheKey=[/v1/subscribers/%24RCAnonymousID%3Ab99003c05b824a4e9674605a3812bf3a], appInBackground=false)
2026-01-14 20:15:53.826 10836-10878 Capacitor               com.vagabondbible.app                D  Handling local request: https://localhost/assets/splash-intro-DqaDiT6c.mp4
2026-01-14 20:15:54.142 10836-10957 [Purchases] - DEBUG     com.vagabondbible.app                D   Requesting products from the store with identifiers: vagabond_bible_pro_monthly
2026-01-14 20:15:54.147 10836-10957 [Purchases] - DEBUG     com.vagabondbible.app                D   Querying purchases
2026-01-14 20:15:54.147 10836-10957 [Purchases] - DEBUG     com.vagabondbible.app                D  Getting storefront from cache was null.
2026-01-14 20:15:54.148 10836-10957 CapacitorCookies        com.vagabondbible.app                I  Getting cookies at: 'https://api.revenuecat.com/v1/subscribers/%24RCAnonymousID%3Ab99003c05b824a4e9674605a3812bf3a'
2026-01-14 20:15:54.151 10836-10836 [Purchases] - DEBUG     com.vagabondbible.app                D   Starting connection for com.android.billingclient.api.BillingClientImpl@e11fcd2
2026-01-14 20:15:54.162 10836-10836 [Purchases] - DEBUG     com.vagabondbible.app                D   Starting connection for com.android.billingclient.api.BillingClientImpl@e11fcd2
2026-01-14 20:15:54.162 10836-10836 BillingClient           com.vagabondbible.app                W  Client is already in the process of connecting to billing service.
2026-01-14 20:15:54.234 10836-10969 BillingClient           com.vagabondbible.app                W  In-app billing API version 3 is not supported on this device.
2026-01-14 20:15:54.244 10836-10836 [Purchases] - ERROR     com.vagabondbible.app                E   PurchasesError(code=PurchaseNotAllowedError, underlyingErrorMessage=Billing is not available in this device. DebugMessage: Billing service unavailable on device.. ErrorCode: BILLING_UNAVAILABLE. SubResponseCode: NO_APPLICABLE_SUB_RESPONSE_CODE., message='The device or user is not allowed to make the purchase.')
2026-01-14 20:15:54.247 10836-10836 [Purchases] - ERROR     com.vagabondbible.app                E   Error fetching offerings - PurchasesError(code=PurchaseNotAllowedError, underlyingErrorMessage=Billing is not available in this device. DebugMessage: Billing service unavailable on device.. ErrorCode: BILLING_UNAVAILABLE. SubResponseCode: NO_APPLICABLE_SUB_RESPONSE_CODE., message='The device or user is not allowed to make the purchase.')
2026-01-14 20:15:54.249 10836-10836 [Purchases] - ERROR     com.vagabondbible.app                E   PurchasesError(code=PurchaseNotAllowedError, underlyingErrorMessage=Billing is not available in this device. DebugMessage: Billing service unavailable on device.. ErrorCode: BILLING_UNAVAILABLE. SubResponseCode: NO_APPLICABLE_SUB_RESPONSE_CODE., message='The device or user is not allowed to make the purchase.')
2026-01-14 20:15:54.332 10836-10878 Capacitor               com.vagabondbible.app                D  Handling local request: https://localhost/assets/splash-intro-DqaDiT6c.mp4
2026-01-14 20:15:54.667 10836-10957 [Purchases] - DEBUG     com.vagabondbible.app                D  API request started: GET /v1/subscribers/%24RCAnonymousID%3Ab99003c05b824a4e9674605a3812bf3a
2026-01-14 20:15:54.668 10836-10836 Capacitor/Console       com.vagabondbible.app                I  File: https://localhost/assets/index-BL7bI6xN.js - Line 2343 - Msg: [IntroAnimation] Fallback timer triggered
2026-01-14 20:15:54.668 10836-10957 [Purchases] - DEBUG     com.vagabondbible.app                D  API request completed with status: GET /v1/subscribers/%24RCAnonymousID%3Ab99003c05b824a4e9674605a3812bf3a 304
2026-01-14 20:15:54.668 10836-10836 Capacitor/Console       com.vagabondbible.app                I  File: https://localhost/assets/index-BL7bI6xN.js - Line 2343 - Msg: [IntroAnimation] Video ended
2026-01-14 20:15:54.668 10836-10836 Capacitor/Console       com.vagabondbible.app                I  File: https://localhost/assets/index-BL7bI6xN.js - Line 2343 - Msg: [IntroAnimation] Mounted, isNative: true video src: /assets/splash-intro-DqaDiT6c.mp4
2026-01-14 20:15:54.695 10836-10957 [Purchases] - DEBUG     com.vagabondbible.app                D   CustomerInfo updated from network.
2026-01-14 20:15:54.895 10836-10878 Capacitor               com.vagabondbible.app                D  Handling local request: https://localhost/assets/splash-intro-DqaDiT6c.mp4
2026-01-14 20:15:54.978 10836-10836 Capacitor/Console       com.vagabondbible.app                I  File: https://localhost/assets/index-BL7bI6xN.js - Line 2343 - Msg: [useIntroAnimation] completeIntro called
2026-01-14 20:15:54.999 10836-10836 Capacitor/Console       com.vagabondbible.app                I  File:  - Line 349 - Msg: [object Object]
2026-01-14 20:15:55.000 10836-10836 Capacitor/Console       com.vagabondbible.app                E  File: https://localhost/assets/index-BL7bI6xN.js - Line 2343 - Msg: [IntroAnimation] Manual play failed: [object DOMException]
2026-01-14 20:15:55.004 10836-10836 Capacitor/Plugin        com.vagabondbible.app                V  To native (Capacitor plugin): callbackId: 108106698, pluginId: SplashScreen, methodName: hide
2026-01-14 20:15:55.004 10836-10836 Capacitor               com.vagabondbible.app                V  callback: 108106698, pluginId: SplashScreen, methodName: hide, methodData: {"fadeOutDuration":200}
2026-01-14 20:15:55.006 10836-10836 Capacitor/Console       com.vagabondbible.app                I  File:  - Line 333 - Msg: undefined
2026-01-14 20:15:55.476 10836-10973 ProfileInstaller        com.vagabondbible.app                D  Installing profile for com.vagabondbible.app
2026-01-14 20:15:55.499 10836-10878 Capacitor               com.vagabondbible.app                D  Handling local request: https://localhost/assets/splash-intro-DqaDiT6c.mp4
2026-01-14 20:15:55.931 10836-10879 Capacitor               com.vagabondbible.app                D  Handling local request: https://localhost/android-chrome-512x512.png
2026-01-14 20:15:55.931 10836-10880 Capacitor               com.vagabondbible.app                D  Handling local request: https://localhost/favicon-16x16.png
2026-01-14 20:15:55.931 10836-10878 Capacitor               com.vagabondbible.app                D  Handling local request: https://localhost/android-chrome-192x192.png
2026-01-14 20:15:55.932 10836-10878 Capacitor               com.vagabondbible.app                D  Handling local request: https://localhost/favicon-32x32.png
2026-01-14 20:15:56.153 10836-10878 Capacitor               com.vagabondbible.app                D  Handling local request: https://localhost/assets/splash-intro-DqaDiT6c.mp4
2026-01-14 20:15:56.865 10836-10878 Capacitor               com.vagabondbible.app                D  Handling local request: https://localhost/assets/splash-intro-DqaDiT6c.mp4
2026-01-14 20:15:57.624 10836-10878 Capacitor               com.vagabondbible.app                D  Handling local request: https://localhost/assets/splash-intro-DqaDiT6c.mp4
2026-01-14 20:15:58.200 10836-10946 BufferPoolAccessor2.0   com.vagabondbible.app                D  bufferpool2 0x73c91e032098 : 5(31457280 size) total buffers - 4(25165824 size) used buffers - 122/127 (recycle/alloc) - 6/125 (fetch/transfer)
2026-01-14 20:15:58.430 10836-10878 Capacitor               com.vagabondbible.app                D  Handling local request: https://localhost/assets/splash-intro-DqaDiT6c.mp4
2026-01-14 20:15:59.285 10836-10878 Capacitor               com.vagabondbible.app                D  Handling local request: https://localhost/assets/splash-intro-DqaDiT6c.mp4
2026-01-14 20:15:59.811 10836-10842 gabondbible.app         com.vagabondbible.app                W  userfaultfd: MOVE ioctl seems unsupported: Connection timed out
2026-01-14 20:15:59.846 10836-10842 gabondbible.app         com.vagabondbible.app                I  Background concurrent mark compact GC freed 13MB AllocSpace bytes, 46(1672KB) LOS objects, 49% free, 5359KB/10MB, paused 1.351ms,3.766ms total 263.809ms
2026-01-14 20:16:00.111 10836-10878 Capacitor               com.vagabondbible.app                D  Handling local request: https://localhost/assets/vagabond-logo-C9q_FyPk.png
2026-01-14 20:16:00.119 10836-10879 Capacitor               com.vagabondbible.app                D  Handling local request: https://localhost/assets/index-BOx5D5c5.js
2026-01-14 20:16:00.128 10836-10878 Capacitor               com.vagabondbible.app                D  Handling local request: https://localhost/android-chrome-512x512.png
2026-01-14 20:16:00.141 10836-10879 Capacitor               com.vagabondbible.app                D  Handling local request: https://localhost/android-chrome-192x192.png
2026-01-14 20:16:00.142 10836-10879 Capacitor               com.vagabondbible.app                D  Handling local request: https://localhost/favicon-16x16.png
2026-01-14 20:16:00.142 10836-10880 Capacitor               com.vagabondbible.app                D  Handling local request: https://localhost/favicon-32x32.png
2026-01-14 20:16:00.184 10836-10836 Capacitor/Console       com.vagabondbible.app                E  File: https://localhost/assets/index-BL7bI6xN.js - Line 48 - Msg: Uncaught (in promise) Error: "FirebaseAuthentication" plugin is not implemented on android
2026-01-14 20:16:00.192 10836-10878 Capacitor               com.vagabondbible.app                D  Handling local request: https://localhost/assets/splash-intro-DqaDiT6c.mp4
2026-01-14 20:16:01.156 10836-10878 Capacitor               com.vagabondbible.app                D  Handling local request: https://localhost/assets/splash-intro-DqaDiT6c.mp4
2026-01-14 20:16:01.606 10836-10836 Capacitor/Console       com.vagabondbible.app                I  File: https://localhost/assets/index-BL7bI6xN.js - Line 2262 - Msg: Firebase auth timeout - falling back to session check
2026-01-14 20:16:01.611 10836-10878 Capacitor               com.vagabondbible.app                D  Handling CapacitorHttp request: https://localhost/_capacitor_http_interceptor_?u=https%3A%2F%2Fvagabondbible.com%2Fapi%2Fauth%2Fuser
2026-01-14 20:16:01.615 10836-10878 CapacitorCookies        com.vagabondbible.app                I  Getting cookies at: 'https://vagabondbible.com/api/auth/user'
2026-01-14 20:16:01.916 10836-10878 CapacitorCookies        com.vagabondbible.app                I  Setting cookie 'GAESA=CpwBMDA1ZWI2OTc0YzVhMTVlNWQzZmUwMjcxMDFjNWJmMTM1N2I3NzA0MjlmZGE5MWI2OWE4MzhmN2JlOWIzNWQ1ZTA5Y2ZiNTI0ZDg5YTBjNWQxMDBjYWQzNDhjZThhNmY0ODcxYjUzOWJkMzY5MDNjYWVjMjI3YThiMDg5MWRjNzE5YTEwMTQyYTg2MzQ2ZjVlYmQzYjEyYzNiZmY4ENGv5fm7Mw; expires=Sat, 14-Feb-2026 01:16:04 GMT; path=/' at: 'https://vagabondbible.com/api/auth/user'
2026-01-14 20:16:01.929 10836-10878 CapacitorCookies        com.vagabondbible.app                I  Setting cookie 'GAESA=CpwBMDA1ZWI2OTc0YzVhMTVlNWQzZmUwMjcxMDFjNWJmMTM1N2I3NzA0MjlmZGE5MWI2OWE4MzhmN2JlOWIzNWQ1ZTA5Y2ZiNTI0ZDg5YTBjNWQxMDBjYWQzNDhjZThhNmY0ODcxYjUzOWJkMzY5MDNjYWVjMjI3YThiMDg5MWRjNzE5YTEwMTQyYTg2MzQ2ZjVlYmQzYjEyYzNiZmY4ENGv5fm7Mw; expires=Sat, 14-Feb-2026 01:16:04 GMT; path=/' at: 'https://localhost'
2026-01-14 20:16:01.956 10836-10836 Capacitor/Console       com.vagabondbible.app                I  File: https://localhost/assets/index-BL7bI6xN.js - Line 2343 - Msg: [LOGIN] Auth state changed - isLoading: true isAuthenticated: false isInSafariSheet: false isInNativeApp: true
2026-01-14 20:16:01.960 10836-10878 Capacitor               com.vagabondbible.app                D  Handling local request: https://localhost/android-chrome-512x512.png
2026-01-14 20:16:01.962 10836-10879 Capacitor               com.vagabondbible.app                D  Handling local request: https://localhost/android-chrome-192x192.png
2026-01-14 20:16:01.963 10836-10879 Capacitor               com.vagabondbible.app                D  Handling local request: https://localhost/favicon-16x16.png
2026-01-14 20:16:01.963 10836-10879 Capacitor               com.vagabondbible.app                D  Handling local request: https://localhost/favicon-32x32.png
2026-01-14 20:16:01.966 10836-10836 Capacitor/Console       com.vagabondbible.app                E  File: https://localhost/assets/index-BL7bI6xN.js - Line 48 - Msg: Uncaught (in promise) Error: "FirebaseAuthentication" plugin is not implemented on android
2026-01-14 20:16:01.966 10836-10836 Capacitor/Console       com.vagabondbible.app                E  File: https://localhost/assets/index-BL7bI6xN.js - Line 48 - Msg: Uncaught (in promise) Error: "FirebaseAuthentication" plugin is not implemented on android
2026-01-14 20:16:02.162 10836-10878 Capacitor               com.vagabondbible.app                D  Handling local request: https://localhost/assets/splash-intro-DqaDiT6c.mp4
2026-01-14 20:16:03.217 10836-10878 Capacitor               com.vagabondbible.app                D  Handling local request: https://localhost/assets/splash-intro-DqaDiT6c.mp4
2026-01-14 20:16:03.455 10836-10836 Capacitor/Console       com.vagabondbible.app                I  File: https://localhost/assets/index-BL7bI6xN.js - Line 2262 - Msg: Firebase auth timeout - falling back to session check
2026-01-14 20:16:03.464 10836-10836 Capacitor/Console       com.vagabondbible.app                I  File: https://localhost/assets/index-BL7bI6xN.js - Line 2343 - Msg: [LOGIN] Auth state changed - isLoading: false isAuthenticated: false isInSafariSheet: false isInNativeApp: true
2026-01-14 20:16:03.465 10836-10878 Capacitor               com.vagabondbible.app                D  Handling local request: https://localhost/assets/White_Logo_Big_1767755759050-lc-FDA9Z.png
2026-01-14 20:16:04.322 10836-10878 Capacitor               com.vagabondbible.app                D  Handling local request: https://localhost/assets/splash-intro-DqaDiT6c.mp4
2026-01-14 20:16:04.777 10836-10950 BufferPoolAccessor2.0   com.vagabondbible.app                D  bufferpool2 0x73c91e032098 : 5(31457280 size) total buffers - 4(25165824 size) used buffers - 168/173 (recycle/alloc) - 6/169 (fetch/transfer)
2026-01-14 20:16:04.779 10836-10950 BufferPoolAccessor2.0   com.vagabondbible.app                D  evictor expired: 1, evicted: 1
2026-01-14 20:16:05.044 10836-10836 Capacitor/Console       com.vagabondbible.app                I  File: https://localhost/assets/index-BL7bI6xN.js - Line 1922 - Msg: [NATIVE AUTH] Starting native Google sign-in...
2026-01-14 20:16:05.053 10836-10836 Capacitor/Console       com.vagabondbible.app                E  File: https://localhost/assets/index-BL7bI6xN.js - Line 1922 - Msg: Google sign-in error: Error: "FirebaseAuthentication" plugin is not implemented on android
2026-01-14 20:16:05.053 10836-10836 Capacitor/Console       com.vagabondbible.app                E  File: https://localhost/assets/index-BL7bI6xN.js - Line 2343 - Msg: Sign in error: Error: "FirebaseAuthentication" plugin is not implemented on android
2026-01-14 20:16:05.495 10836-10878 Capacitor               com.vagabondbible.app                D  Handling local request: https://localhost/assets/splash-intro-DqaDiT6c.mp4
2026-01-14 20:16:05.844 10836-10836 Capacitor/Console       com.vagabondbible.app                I  File: https://localhost/assets/index-BL7bI6xN.js - Line 1922 - Msg: [NATIVE AUTH] Starting native Google sign-in...
2026-01-14 20:16:05.853 10836-10836 Capacitor/Console       com.vagabondbible.app                E  File: https://localhost/assets/index-BL7bI6xN.js - Line 1922 - Msg: Google sign-in error: Error: "FirebaseAuthentication" plugin is not implemented on android
2026-01-14 20:16:05.853 10836-10836 Capacitor/Console       com.vagabondbible.app                E  File: https://localhost/assets/index-BL7bI6xN.js - Line 2343 - Msg: Sign in error: Error: "FirebaseAuthentication" plugin is not implemented on android
2026-01-14 20:16:06.701 10836-10878 Capacitor               com.vagabondbible.app                D  Handling local request: https://localhost/assets/splash-intro-DqaDiT6c.mp4
2026-01-14 20:16:07.120 10836-10836 Capacitor/Console       com.vagabondbible.app                I  File: https://localhost/assets/index-BL7bI6xN.js - Line 1922 - Msg: [NATIVE AUTH] Starting native Google sign-in...
2026-01-14 20:16:07.135 10836-10836 Capacitor/Console       com.vagabondbible.app                E  File: https://localhost/assets/index-BL7bI6xN.js - Line 1922 - Msg: Google sign-in error: Error: "FirebaseAuthentication" plugin is not implemented on android
2026-01-14 20:16:07.137 10836-10836 Capacitor/Console       com.vagabondbible.app                E  File: https://localhost/assets/index-BL7bI6xN.js - Line 2343 - Msg: Sign in error: Error: "FirebaseAuthentication" plugin is not implemented on android
2026-01-14 20:16:07.956 10836-10878 Capacitor               com.vagabondbible.app                D  Handling local request: https://localhost/assets/splash-intro-DqaDiT6c.mp4
2026-01-14 20:16:08.643 10836-10836 Capacitor/Console       com.vagabondbible.app                I  File: https://localhost/assets/index-BL7bI6xN.js - Line 1922 - Msg: [NATIVE AUTH] Starting native Google sign-in...
2026-01-14 20:16:08.655 10836-10836 Capacitor/Console       com.vagabondbible.app                E  File: https://localhost/assets/index-BL7bI6xN.js - Line 1922 - Msg: Google sign-in error: Error: "FirebaseAuthentication" plugin is not implemented on android
2026-01-14 20:16:08.655 10836-10836 Capacitor/Console       com.vagabondbible.app                E  File: https://localhost/assets/index-BL7bI6xN.js - Line 2343 - Msg: Sign in error: Error: "FirebaseAuthentication" plugin is not implemented on android
2026-01-14 20:16:09.262 10836-10878 Capacitor               com.vagabondbible.app                D  Handling local request: https://localhost/assets/splash-intro-DqaDiT6c.mp4
2026-01-14 20:16:10.617 10836-10878 Capacitor               com.vagabondbible.app                D  Handling local request: https://localhost/assets/splash-intro-DqaDiT6c.mp4
2026-01-14 20:16:12.024 10836-10878 Capacitor               com.vagabondbible.app                D  Handling local request: https://localhost/assets/splash-intro-DqaDiT6c.mp4
2026-01-14 20:16:13.486 10836-10878 Capacitor               com.vagabondbible.app                D  Handling local request: https://localhost/assets/splash-intro-DqaDiT6c.mp4
2026-01-14 20:16:15.008 10836-10878 Capacitor               com.vagabondbible.app                D  Handling local request: https://localhost/assets/splash-intro-DqaDiT6c.mp4
2026-01-14 20:16:15.156 10836-10878 cr_MediaCodecBridge     com.vagabondbible.app                W  Releasing: c2.goldfish.h264.decoder
2026-01-14 20:16:15.157 10836-10946 SurfaceUtils            com.vagabondbible.app                D  connecting to surface 0x73c75e026d40, reason connectToSurface
2026-01-14 20:16:15.157 10836-10946 MediaCodec              com.vagabondbible.app                I  [c2.goldfish.h264.decoder] setting surface generation to 11096066
2026-01-14 20:16:15.157 10836-10946 SurfaceUtils            com.vagabondbible.app                D  disconnecting from surface 0x73c75e026d40, reason connectToSurface(reconnect)
2026-01-14 20:16:15.157 10836-10946 SurfaceUtils            com.vagabondbible.app                D  connecting to surface 0x73c75e026d30, reason connectToSurface(reconnect-with-listener)
2026-01-14 20:16:15.159 10836-10946 Codec2-Out...ufferQueue com.vagabondbible.app                D  remote graphic buffer migration 0/0
2026-01-14 20:16:15.159 10836-10946 Codec2Client            com.vagabondbible.app                D  setOutputSurface -- failed to set consumer usage (6/BAD_INDEX)
2026-01-14 20:16:15.159 10836-10946 Codec2Client            com.vagabondbible.app                D  setOutputSurface -- generation=11096066 consumer usage=0x900
2026-01-14 20:16:15.167 10836-10946 Codec2Client            com.vagabondbible.app                D  Surface configure completed
2026-01-14 20:16:15.167 10836-10946 SurfaceUtils            com.vagabondbible.app                D  disconnecting from surface 0x73c75e01f2f0, reason disconnectFromSurface
2026-01-14 20:16:15.168 10836-10946 CCodecBufferChannel     com.vagabondbible.app                D  [c2.goldfish.h264.decoder#569] MediaCodec discarded an unknown buffer
2026-01-14 20:16:15.169 10836-10946 CCodecBufferChannel     com.vagabondbible.app                D  [c2.goldfish.h264.decoder#569] MediaCodec discarded an unknown buffer
2026-01-14 20:16:15.169 10836-10946 CCodecBufferChannel     com.vagabondbible.app                D  [c2.goldfish.h264.decoder#569] MediaCodec discarded an unknown buffer
2026-01-14 20:16:15.169 10836-10946 CCodecBufferChannel     com.vagabondbible.app                D  [c2.goldfish.h264.decoder#569] MediaCodec discarded an unknown buffer
2026-01-14 20:16:15.219 10836-10946 SurfaceUtils            com.vagabondbible.app                D  disconnecting from surface 0x73c75e026d40, reason disconnectFromSurface
2026-01-14 20:16:15.219 10836-10947 hw-BpHwBinder           com.vagabondbible.app                I  onLastStrongRef automatically unlinking death recipients
2026-01-14 20:16:15.222 10836-10947 BufferPoolAccessor2.0   com.vagabondbible.app                D  bufferpool2 0x73c91e032098 : 0(0 size) total buffers - 0(0 size) used buffers - 168/173 (recycle/alloc) - 6/169 (fetch/transfer)
2026-01-14 20:16:15.224 10836-10878 cr_MediaCodecBridge     com.vagabondbible.app                W  Codec released
2026-01-14 20:16:16.565 10836-10878 Capacitor               com.vagabondbible.app                D  Handling local request: https://localhost/assets/splash-intro-DqaDiT6c.mp4
2026-01-14 20:16:18.170 10836-10878 Capacitor               com.vagabondbible.app                D  Handling local request: https://localhost/assets/splash-intro-DqaDiT6c.mp4
2026-01-14 20:16:19.825 10836-10878 Capacitor               com.vagabondbible.app                D  Handling local request: https://localhost/assets/splash-intro-DqaDiT6c.mp4
2026-01-14 20:16:20.228 10836-10950 BufferPoolAccessor2.0   com.vagabondbible.app                D  bufferpool2 0x73c91e032098 : 0(0 size) total buffers - 0(0 size) used buffers - 168/173 (recycle/alloc) - 6/169 (fetch/transfer)
2026-01-14 20:16:20.228 10836-10950 BufferPoolAccessor2.0   com.vagabondbible.app                D  evictor expired: 1, evicted: 1
2026-01-14 20:16:21.531 10836-10878 Capacitor               com.vagabondbible.app                D  Handling local request: https://localhost/assets/splash-intro-DqaDiT6c.mp4
2026-01-14 20:16:23.289 10836-10878 Capacitor               com.vagabondbible.app                D  Handling local request: https://localhost/assets/splash-intro-DqaDiT6c.mp4
2026-01-14 20:16:48.988   799-967   InputDispatcher         system_server                        E  channel '445f57 com.vagabondbible.app/com.vagabondbible.app.MainActivity' ~ Channel is unrecoverably broken and will be disposed!
2026-01-14 20:16:49.130 11038-11038 Zygote                  com.vagabondbible.app                I  Process 11038 created for com.vagabondbible.app
2026-01-14 20:16:49.130 11038-11038 gabondbible.app         com.vagabondbible.app                I  Late-enabling -Xcheck:jni
2026-01-14 20:16:49.176 11038-11038 gabondbible.app         com.vagabondbible.app                I  Using CollectorTypeCMC GC.
2026-01-14 20:16:49.177 11038-11038 gabondbible.app         com.vagabondbible.app                W  Unexpected CPU variant for x86: x86_64.
                                                                                                    Known variants: atom, sandybridge, silvermont, goldmont, goldmont-plus, goldmont-without-sha-xsaves, tremont, kabylake, alderlake, default
2026-01-14 20:16:49.203 11038-11038 nativeloader            com.vagabondbible.app                D  Load libframework-connectivity-tiramisu-jni.so using APEX ns com_android_tethering for caller /apex/com.android.tethering/javalib/framework-connectivity-t.jar: ok
2026-01-14 20:16:49.436 11038-11038 nativeloader            com.vagabondbible.app                D  Configuring clns-9 for other apk /data/app/~~3vpJvvvwh0kf3QbFIEihGw==/com.vagabondbible.app-DZGu3Z2cPx1i6cOgmqZ3uA==/base.apk. target_sdk_version=36, uses_libraries=, library_path=/data/app/~~3vpJvvvwh0kf3QbFIEihGw==/com.vagabondbible.app-DZGu3Z2cPx1i6cOgmqZ3uA==/lib/x86_64, permitted_path=/data:/mnt/expand:/data/user/0/com.vagabondbible.app
2026-01-14 20:16:49.456 11038-11038 GraphicsEnvironment     com.vagabondbible.app                V  Currently set values for:
2026-01-14 20:16:49.456 11038-11038 GraphicsEnvironment     com.vagabondbible.app                V    angle_gl_driver_selection_pkgs=[]
2026-01-14 20:16:49.456 11038-11038 GraphicsEnvironment     com.vagabondbible.app                V    angle_gl_driver_selection_values=[]
2026-01-14 20:16:49.456 11038-11038 GraphicsEnvironment     com.vagabondbible.app                V  com.vagabondbible.app is not listed in per-application setting
2026-01-14 20:16:49.456 11038-11038 GraphicsEnvironment     com.vagabondbible.app                V  ANGLE allowlist from config: com.dreamgames.royalmatch com.dts.freefiremax com.dxx.firenow com.gramgames.mergedragons com.ludo.king com.mojang.minecraftpe com.my.defense com.nintendo.zaka com.os.airforce com.playrix.fishdomdd.gplay io.teslatech.callbreak jp.konami.prospia net.peakgames.toonblast
2026-01-14 20:16:49.456 11038-11038 GraphicsEnvironment     com.vagabondbible.app                V  No special selections for ANGLE, returning default driver choice
2026-01-14 20:16:49.456 11038-11038 GraphicsEnvironment     com.vagabondbible.app                V  Neither updatable production driver nor prerelease driver is supported.
2026-01-14 20:16:49.476 11038-11038 FirebaseApp             com.vagabondbible.app                W  Default FirebaseApp failed to initialize because no default options were found. This usually means that com.google.gms:google-services was not applied to your gradle project.
2026-01-14 20:16:49.476 11038-11038 FirebaseInitProvider    com.vagabondbible.app                I  FirebaseApp initialization unsuccessful
2026-01-14 20:16:55.103 11038-11083 ProfileInstaller        com.vagabondbible.app                D  Installing profile for com.vagabondbible.app
2026-01-14 20:16:57.429 11123-11123 Zygote                  com.vagabondbible.app                I  Process 11123 created for com.vagabondbible.app
2026-01-14 20:16:57.430 11123-11123 gabondbible.app         com.vagabondbible.app                I  Late-enabling -Xcheck:jni
2026-01-14 20:16:57.455 11123-11123 gabondbible.app         com.vagabondbible.app                I  Using CollectorTypeCMC GC.
2026-01-14 20:16:57.456 11123-11123 gabondbible.app         com.vagabondbible.app                W  Unexpected CPU variant for x86: x86_64.
                                                                                                    Known variants: atom, sandybridge, silvermont, goldmont, goldmont-plus, goldmont-without-sha-xsaves, tremont, kabylake, alderlake, default
2026-01-14 20:16:57.497 11123-11123 nativeloader            com.vagabondbible.app                D  Load libframework-connectivity-tiramisu-jni.so using APEX ns com_android_tethering for caller /apex/com.android.tethering/javalib/framework-connectivity-t.jar: ok
2026-01-14 20:16:57.591 11123-11123 nativeloader            com.vagabondbible.app                D  Load /data/user/0/com.vagabondbible.app/code_cache/startup_agents/69b40b6c-agent.so using system ns (caller=<unknown>): ok
2026-01-14 20:16:57.577 11123-11123 re-initialized>         com.vagabondbible.app                W  type=1400 audit(0.0:330): avc:  granted  { execute } for  path="/data/data/com.vagabondbible.app/code_cache/startup_agents/69b40b6c-agent.so" dev="dm-56" ino=361777 scontext=u:r:untrusted_app:s0:c227,c256,c512,c768 tcontext=u:object_r:app_data_file:s0:c227,c256,c512,c768 tclass=file app=com.vagabondbible.app
2026-01-14 20:16:57.599 11123-11123 gabondbible.app         com.vagabondbible.app                W  hiddenapi: DexFile /data/data/com.vagabondbible.app/code_cache/.studio/instruments-cbb5ff5f.jar is in boot class path but is not in a known location
2026-01-14 20:16:57.754 11123-11123 gabondbible.app         com.vagabondbible.app                W  Redefining intrinsic method java.lang.Thread java.lang.Thread.currentThread(). This may cause the unexpected use of the original definition of java.lang.Thread java.lang.Thread.currentThread()in methods that have already been compiled.
2026-01-14 20:16:57.755 11123-11123 gabondbible.app         com.vagabondbible.app                W  Redefining intrinsic method boolean java.lang.Thread.interrupted(). This may cause the unexpected use of the original definition of boolean java.lang.Thread.interrupted()in methods that have already been compiled.
2026-01-14 20:16:57.974 11123-11123 nativeloader            com.vagabondbible.app                D  Configuring clns-9 for other apk /data/app/~~3vpJvvvwh0kf3QbFIEihGw==/com.vagabondbible.app-DZGu3Z2cPx1i6cOgmqZ3uA==/base.apk. target_sdk_version=36, uses_libraries=, library_path=/data/app/~~3vpJvvvwh0kf3QbFIEihGw==/com.vagabondbible.app-DZGu3Z2cPx1i6cOgmqZ3uA==/lib/x86_64, permitted_path=/data:/mnt/expand:/data/user/0/com.vagabondbible.app
2026-01-14 20:16:57.994 11123-11123 GraphicsEnvironment     com.vagabondbible.app                V  Currently set values for:
2026-01-14 20:16:57.994 11123-11123 GraphicsEnvironment     com.vagabondbible.app                V    angle_gl_driver_selection_pkgs=[]
2026-01-14 20:16:57.994 11123-11123 GraphicsEnvironment     com.vagabondbible.app                V    angle_gl_driver_selection_values=[]
2026-01-14 20:16:57.994 11123-11123 GraphicsEnvironment     com.vagabondbible.app                V  com.vagabondbible.app is not listed in per-application setting
2026-01-14 20:16:57.994 11123-11123 GraphicsEnvironment     com.vagabondbible.app                V  ANGLE allowlist from config: com.dreamgames.royalmatch com.dts.freefiremax com.dxx.firenow com.gramgames.mergedragons com.ludo.king com.mojang.minecraftpe com.my.defense com.nintendo.zaka com.os.airforce com.playrix.fishdomdd.gplay io.teslatech.callbreak jp.konami.prospia net.peakgames.toonblast
2026-01-14 20:16:57.994 11123-11123 GraphicsEnvironment     com.vagabondbible.app                V  No special selections for ANGLE, returning default driver choice
2026-01-14 20:16:57.995 11123-11123 GraphicsEnvironment     com.vagabondbible.app                V  Neither updatable production driver nor prerelease driver is supported.
2026-01-14 20:16:58.017 11123-11123 FirebaseApp             com.vagabondbible.app                W  Default FirebaseApp failed to initialize because no default options were found. This usually means that com.google.gms:google-services was not applied to your gradle project.
2026-01-14 20:16:58.017 11123-11123 FirebaseInitProvider    com.vagabondbible.app                I  FirebaseApp initialization unsuccessful
2026-01-14 20:16:58.062 11123-11139 DisplayManager          com.vagabondbible.app                I  Choreographer implicitly registered for the refresh rate.
2026-01-14 20:16:58.131 11123-11123 DesktopExperienceFlags  com.vagabondbible.app                D  Toggle override initialized to: false
2026-01-14 20:16:58.134 11123-11139 GFXSTREAM               com.vagabondbible.app                I  [eglDisplay.cpp(297)] Opening libGLESv1_CM_emulation.so
2026-01-14 20:16:58.136 11123-11139 GFXSTREAM               com.vagabondbible.app                I  [eglDisplay.cpp(297)] Opening libGLESv2_emulation.so
2026-01-14 20:16:58.182 11123-11139 HWUI                    com.vagabondbible.app                W  Failed to choose config with EGL_SWAP_BEHAVIOR_PRESERVED, retrying without...
2026-01-14 20:16:58.183 11123-11139 HWUI                    com.vagabondbible.app                W  Failed to initialize 101010-2 format, error = EGL_SUCCESS
2026-01-14 20:16:58.194 11123-11123 AppCompatDelegate       com.vagabondbible.app                D  Checking for metadata for AppLocalesMetadataHolderService : Service not found
2026-01-14 20:16:58.206 11123-11123 ashmem                  com.vagabondbible.app                E  Pinning is deprecated since Android Q. Please use trim or other methods.
2026-01-14 20:16:58.301 11123-11123 CompatChangeReporter    com.vagabondbible.app                D  Compat change id reported: 377864165; UID 10227; state: ENABLED
2026-01-14 20:16:58.301 11123-11123 DesktopModeFlags        com.vagabondbible.app                D  Toggle override initialized to: OVERRIDE_UNSET
2026-01-14 20:16:58.330 11123-11123 gabondbible.app         com.vagabondbible.app                I  hiddenapi: Accessing hidden method Landroid/view/ViewGroup;->makeOptionalFitsSystemWindows()V (runtime_flags=0, domain=platform, api=unsupported) from Landroidx/appcompat/widget/ViewUtils; (domain=app, TargetSdkVersion=36) using reflection: allowed
2026-01-14 20:16:58.346 11123-11123 WebViewFactory          com.vagabondbible.app                I  Loading com.google.android.webview version 134.0.6998.135 (code 699813538)
2026-01-14 20:16:58.349 11123-11123 ResourcesManager        com.vagabondbible.app                V  The following library key has been added: ResourcesKey{ mHash=2cbb283c mResDir=null mSplitDirs=[] mOverlayDirs=[] mLibDirs=[/data/app/~~6EJzGYVatxK3xSNB5u971Q==/com.google.android.webview-hjE327QGdTozBoHS50jjnA==/WebViewGoogle.apk,/data/app/~~M_hDiRO6IlkVWj2ppJ80Iw==/com.google.android.trichromelibrary_699813538-mkSv8huRZOJGYaNCBaPSDQ==/TrichromeLibrary.apk,/system_ext/framework/androidx.window.extensions.jar] mDisplayId=0 mOverrideConfig=v36 mCompatInfo={420dpi always-compat} mLoaders=[]}
2026-01-14 20:16:58.352 11123-11123 gabondbible.app         com.vagabondbible.app                W  Failed to find entry 'classes.dex': Entry not found
2026-01-14 20:16:58.353 11123-11123 nativeloader            com.vagabondbible.app                D  Configuring clns-10 for other apk /data/app/~~M_hDiRO6IlkVWj2ppJ80Iw==/com.google.android.trichromelibrary_699813538-mkSv8huRZOJGYaNCBaPSDQ==/TrichromeLibrary.apk. target_sdk_version=35, uses_libraries=ALL, library_path=/data/app/~~6EJzGYVatxK3xSNB5u971Q==/com.google.android.webview-hjE327QGdTozBoHS50jjnA==/lib/x86_64:/data/app/~~6EJzGYVatxK3xSNB5u971Q==/com.google.android.webview-hjE327QGdTozBoHS50jjnA==/WebViewGoogle.apk!/lib/x86_64:/data/app/~~M_hDiRO6IlkVWj2ppJ80Iw==/com.google.android.trichromelibrary_699813538-mkSv8huRZOJGYaNCBaPSDQ==/TrichromeLibrary.apk!/lib/x86_64, permitted_path=/data:/mnt/expand
2026-01-14 20:16:58.355 11123-11123 ApplicationLoaders      com.vagabondbible.app                D  Returning zygote-cached class loader: /system_ext/framework/androidx.window.extensions.jar
2026-01-14 20:16:58.359 11123-11123 nativeloader            com.vagabondbible.app                D  Configuring clns-11 for other apk /data/app/~~6EJzGYVatxK3xSNB5u971Q==/com.google.android.webview-hjE327QGdTozBoHS50jjnA==/WebViewGoogle.apk. target_sdk_version=35, uses_libraries=, library_path=/data/app/~~6EJzGYVatxK3xSNB5u971Q==/com.google.android.webview-hjE327QGdTozBoHS50jjnA==/lib/x86_64:/data/app/~~6EJzGYVatxK3xSNB5u971Q==/com.google.android.webview-hjE327QGdTozBoHS50jjnA==/WebViewGoogle.apk!/lib/x86_64:/data/app/~~M_hDiRO6IlkVWj2ppJ80Iw==/com.google.android.trichromelibrary_699813538-mkSv8huRZOJGYaNCBaPSDQ==/TrichromeLibrary.apk!/lib/x86_64, permitted_path=/data:/mnt/expand
2026-01-14 20:16:58.404 11123-11123 cr_WVCFactoryProvider   com.vagabondbible.app                I  version=134.0.6998.135 (699813538) minSdkVersion=29 isBundle=false multiprocess=true packageId=2
2026-01-14 20:16:58.419 11123-11123 nativeloader            com.vagabondbible.app                D  Load /data/app/~~M_hDiRO6IlkVWj2ppJ80Iw==/com.google.android.trichromelibrary_699813538-mkSv8huRZOJGYaNCBaPSDQ==/TrichromeLibrary.apk!/lib/x86_64/libmonochrome_64.so using class loader ns clns-11 (caller=/data/app/~~6EJzGYVatxK3xSNB5u971Q==/com.google.android.webview-hjE327QGdTozBoHS50jjnA==/WebViewGoogle.apk): ok
2026-01-14 20:16:58.423 11123-11123 nativeloader            com.vagabondbible.app                D  Load /system/lib64/libwebviewchromium_plat_support.so using class loader ns clns-11 (caller=/data/app/~~6EJzGYVatxK3xSNB5u971Q==/com.google.android.webview-hjE327QGdTozBoHS50jjnA==/WebViewGoogle.apk): ok
2026-01-14 20:16:58.432 11123-11144 chromium                com.vagabondbible.app                E  [0114/201658.429459:ERROR:variations_seed_loader.cc(39)] Seed missing signature.
2026-01-14 20:16:58.433 11123-11144 chromium                com.vagabondbible.app                I  [0114/201658.433759:INFO:variations_seed_loader.cc(67)] Failed to open file for reading.: No such file or directory (2)
2026-01-14 20:16:58.444 11123-11123 cr_LibraryLoader        com.vagabondbible.app                I  Successfully loaded native library
2026-01-14 20:16:58.447 11123-11123 cr_CachingUmaRecorder   com.vagabondbible.app                I  Flushed 6 samples from 6 histograms, 0 samples were dropped.
2026-01-14 20:16:58.452 11123-11123 cr_CombinedPProvider    com.vagabondbible.app                I  #registerProvider() provider:WV.I8@77e3e isPolicyCacheEnabled:false policyProvidersSize:0
2026-01-14 20:16:58.453 11123-11123 cr_PolicyProvider       com.vagabondbible.app                I  #setManagerAndSource() 0
2026-01-14 20:16:58.496 11123-11123 cr_CombinedPProvider    com.vagabondbible.app                I  #linkNativeInternal() 1
2026-01-14 20:16:58.496 11123-11123 cr_AppResProvider       com.vagabondbible.app                I  #getApplicationRestrictionsFromUserManager() Bundle[EMPTY_PARCEL]
2026-01-14 20:16:58.497 11123-11123 cr_PolicyProvider       com.vagabondbible.app                I  #notifySettingsAvailable() 0
2026-01-14 20:16:58.497 11123-11123 cr_CombinedPProvider    com.vagabondbible.app                I  #onSettingsAvailable() 0
2026-01-14 20:16:58.497 11123-11123 cr_CombinedPProvider    com.vagabondbible.app                I  #flushPolicies()
2026-01-14 20:16:58.665 11123-11123 Capacitor               com.vagabondbible.app                D  Starting BridgeActivity
2026-01-14 20:16:58.707 11123-11123 Capacitor               com.vagabondbible.app                D  Registering plugin instance: CapacitorCookies
2026-01-14 20:16:58.712 11123-11123 Capacitor               com.vagabondbible.app                D  Registering plugin instance: WebView
2026-01-14 20:16:58.714 11123-11123 Capacitor               com.vagabondbible.app                D  Registering plugin instance: CapacitorHttp
2026-01-14 20:16:58.716 11123-11123 Capacitor               com.vagabondbible.app                D  Registering plugin instance: SystemBars
2026-01-14 20:16:58.719 11123-11123 Capacitor               com.vagabondbible.app                D  Registering plugin instance: FirebaseAuthentication
2026-01-14 20:16:58.784 11123-11123 Capacitor               com.vagabondbible.app                E  NativePlugin io.capawesome.capacitorjs.plugins.firebase.authentication.FirebaseAuthenticationPlugin failed to load
                                                                                                    com.getcapacitor.PluginLoadException: Unable to load plugin instance. Ensure plugin is publicly accessible
                                                                                                    	at com.getcapacitor.PluginHandle.load(PluginHandle.java:107)
                                                                                                    	at com.getcapacitor.PluginHandle.<init>(PluginHandle.java:65)
                                                                                                    	at com.getcapacitor.Bridge.registerPlugin(Bridge.java:705)
                                                                                                    	at com.getcapacitor.Bridge.registerAllPlugins(Bridge.java:661)
                                                                                                    	at com.getcapacitor.Bridge.<init>(Bridge.java:231)
                                                                                                    	at com.getcapacitor.Bridge.<init>(Unknown Source:0)
                                                                                                    	at com.getcapacitor.Bridge$Builder.create(Bridge.java:1599)
                                                                                                    	at com.getcapacitor.BridgeActivity.load(BridgeActivity.java:48)
                                                                                                    	at com.getcapacitor.BridgeActivity.onCreate(BridgeActivity.java:42)
                                                                                                    	at android.app.Activity.performCreate(Activity.java:9306)
                                                                                                    	at android.app.Activity.performCreate(Activity.java:9284)
                                                                                                    	at android.app.Instrumentation.callActivityOnCreate(Instrumentation.java:1541)
                                                                                                    	at android.app.ActivityThread.performLaunchActivity(ActivityThread.java:4480)
                                                                                                    	at android.app.ActivityThread.handleLaunchActivity(ActivityThread.java:4699)
                                                                                                    	at android.app.servertransaction.LaunchActivityItem.execute(LaunchActivityItem.java:224)
                                                                                                    	at android.app.servertransaction.TransactionExecutor.executeNonLifecycleItem(TransactionExecutor.java:133)
